Component: ARM Compiler 6.15 Tool: armlink [5dd79300]

==============================================================================

Section Cross References

    startup_stm32f103xb.o(STACK) refers (Special) to heapauxi.o(.text) for __use_two_region_memory
    startup_stm32f103xb.o(HEAP) refers (Special) to heapauxi.o(.text) for __use_two_region_memory
    startup_stm32f103xb.o(RESET) refers (Special) to heapauxi.o(.text) for __use_two_region_memory
    startup_stm32f103xb.o(RESET) refers to startup_stm32f103xb.o(STACK) for __initial_sp
    startup_stm32f103xb.o(RESET) refers to startup_stm32f103xb.o(.text) for Reset_Handler
    startup_stm32f103xb.o(RESET) refers to stm32f1xx_it.o(.text.NMI_Handler) for NMI_Handler
    startup_stm32f103xb.o(RESET) refers to stm32f1xx_it.o(.text.HardFault_Handler) for HardFault_Handler
    startup_stm32f103xb.o(RESET) refers to stm32f1xx_it.o(.text.MemManage_Handler) for MemManage_Handler
    startup_stm32f103xb.o(RESET) refers to stm32f1xx_it.o(.text.BusFault_Handler) for BusFault_Handler
    startup_stm32f103xb.o(RESET) refers to stm32f1xx_it.o(.text.UsageFault_Handler) for UsageFault_Handler
    startup_stm32f103xb.o(RESET) refers to stm32f1xx_it.o(.text.SVC_Handler) for SVC_Handler
    startup_stm32f103xb.o(RESET) refers to stm32f1xx_it.o(.text.DebugMon_Handler) for DebugMon_Handler
    startup_stm32f103xb.o(RESET) refers to stm32f1xx_it.o(.text.PendSV_Handler) for PendSV_Handler
    startup_stm32f103xb.o(RESET) refers to stm32f1xx_it.o(.text.SysTick_Handler) for SysTick_Handler
    startup_stm32f103xb.o(RESET) refers to bsp_adc.o(.text.DMA1_Channel1_IRQHandler) for DMA1_Channel1_IRQHandler
    startup_stm32f103xb.o(RESET) refers to as5600.o(.text.DMA1_Channel7_IRQHandler) for DMA1_Channel7_IRQHandler
    startup_stm32f103xb.o(RESET) refers to stm32f1xx_it.o(.text.CAN1_RX1_IRQHandler) for CAN1_RX1_IRQHandler
    startup_stm32f103xb.o(RESET) refers to tim_it_server.o(.text.TIM1_UP_IRQHandler) for TIM1_UP_IRQHandler
    startup_stm32f103xb.o(RESET) refers to tim_it_server.o(.text.TIM3_IRQHandler) for TIM3_IRQHandler
    startup_stm32f103xb.o(RESET) refers to stm32f1xx_it.o(.text.I2C1_EV_IRQHandler) for I2C1_EV_IRQHandler
    startup_stm32f103xb.o(.text) refers (Special) to heapauxi.o(.text) for __use_two_region_memory
    startup_stm32f103xb.o(.text) refers to system_stm32f1xx.o(.text.SystemInit) for SystemInit
    startup_stm32f103xb.o(.text) refers to __main.o(!!!main) for __main
    startup_stm32f103xb.o(.text) refers to startup_stm32f103xb.o(HEAP) for Heap_Mem
    startup_stm32f103xb.o(.text) refers to startup_stm32f103xb.o(STACK) for Stack_Mem
    main.o(.text.main) refers to stm32f1xx_hal.o(.text.HAL_Init) for HAL_Init
    main.o(.text.main) refers to main.o(.text.SystemClock_Config) for SystemClock_Config
    main.o(.text.main) refers to gpio.o(.text.MX_GPIO_Init) for MX_GPIO_Init
    main.o(.text.main) refers to dma.o(.text.MX_DMA_Init) for MX_DMA_Init
    main.o(.text.main) refers to adc.o(.text.MX_ADC1_Init) for MX_ADC1_Init
    main.o(.text.main) refers to can.o(.text.MX_CAN_Init) for MX_CAN_Init
    main.o(.text.main) refers to i2c.o(.text.MX_I2C1_Init) for MX_I2C1_Init
    main.o(.text.main) refers to tim.o(.text.MX_TIM1_Init) for MX_TIM1_Init
    main.o(.text.main) refers to tim.o(.text.MX_TIM3_Init) for MX_TIM3_Init
    main.o(.text.main) refers to adc.o(.text.MX_ADC2_Init) for MX_ADC2_Init
    main.o(.text.main) refers to bsp_adc.o(.text.ADC_Init) for ADC_Init
    main.o(.text.main) refers to tim_it_server.o(.text.TIM_Init) for TIM_Init
    main.o(.text.main) refers to foc_ctrl.o(.text.FOC_Init) for FOC_Init
    main.o(.text.main) refers to lpf.o(.text.LPF_Init) for LPF_Init
    main.o(.text.main) refers to foc_ctrl.o(.text.FOC_Ctrl) for FOC_Ctrl
    main.o(.ARM.exidx.text.main) refers to main.o(.text.main) for [Anonymous Symbol]
    main.o(.text.SystemClock_Config) refers to rt_memclr_w.o(.text) for __aeabi_memclr4
    main.o(.text.SystemClock_Config) refers to stm32f1xx_hal_rcc.o(.text.HAL_RCC_OscConfig) for HAL_RCC_OscConfig
    main.o(.text.SystemClock_Config) refers to main.o(.text.Error_Handler) for Error_Handler
    main.o(.text.SystemClock_Config) refers to stm32f1xx_hal_rcc.o(.text.HAL_RCC_ClockConfig) for HAL_RCC_ClockConfig
    main.o(.text.SystemClock_Config) refers to stm32f1xx_hal_rcc_ex.o(.text.HAL_RCCEx_PeriphCLKConfig) for HAL_RCCEx_PeriphCLKConfig
    main.o(.ARM.exidx.text.SystemClock_Config) refers to main.o(.text.SystemClock_Config) for [Anonymous Symbol]
    main.o(.ARM.exidx.text.Error_Handler) refers to main.o(.text.Error_Handler) for [Anonymous Symbol]
    gpio.o(.text.MX_GPIO_Init) refers to stm32f1xx_hal_gpio.o(.text.HAL_GPIO_WritePin) for HAL_GPIO_WritePin
    gpio.o(.text.MX_GPIO_Init) refers to stm32f1xx_hal_gpio.o(.text.HAL_GPIO_Init) for HAL_GPIO_Init
    gpio.o(.ARM.exidx.text.MX_GPIO_Init) refers to gpio.o(.text.MX_GPIO_Init) for [Anonymous Symbol]
    adc.o(.text.MX_ADC1_Init) refers to adc.o(.bss.hadc1) for hadc1
[...]
    TIM_ITRx_SetConfig                       0x080078e9   Thumb Code    42  stm32f1xx_hal_tim.o(.text.TIM_ITRx_SetConfig)
    [Anonymous Symbol]                       0x080078e8   Section        0  stm32f1xx_hal_tim.o(.text.TIM_ITRx_SetConfig)
    [Anonymous Symbol]                       0x08007914   Section        0  tim_it_server.o(.text.TIM_Init)
    TIM_OC1_SetConfig                        0x08007941   Thumb Code   206  stm32f1xx_hal_tim.o(.text.TIM_OC1_SetConfig)
    [Anonymous Symbol]                       0x08007940   Section        0  stm32f1xx_hal_tim.o(.text.TIM_OC1_SetConfig)
    [Anonymous Symbol]                       0x08007a10   Section        0  stm32f1xx_hal_tim.o(.text.TIM_OC2_SetConfig)
    TIM_OC3_SetConfig                        0x08007ae9   Thumb Code   214  stm32f1xx_hal_tim.o(.text.TIM_OC3_SetConfig)
    [Anonymous Symbol]                       0x08007ae8   Section        0  stm32f1xx_hal_tim.o(.text.TIM_OC3_SetConfig)
    TIM_OC4_SetConfig                        0x08007bc1   Thumb Code   150  stm32f1xx_hal_tim.o(.text.TIM_OC4_SetConfig)
    [Anonymous Symbol]                       0x08007bc0   Section        0  stm32f1xx_hal_tim.o(.text.TIM_OC4_SetConfig)
    TIM_TI1_ConfigInputStage                 0x08007c59   Thumb Code    80  stm32f1xx_hal_tim.o(.text.TIM_TI1_ConfigInputStage)
    [Anonymous Symbol]                       0x08007c58   Section        0  stm32f1xx_hal_tim.o(.text.TIM_TI1_ConfigInputStage)
    TIM_TI2_ConfigInputStage                 0x08007ca9   Thumb Code    82  stm32f1xx_hal_tim.o(.text.TIM_TI2_ConfigInputStage)
    [Anonymous Symbol]                       0x08007ca8   Section        0  stm32f1xx_hal_tim.o(.text.TIM_TI2_ConfigInputStage)
    [Anonymous Symbol]                       0x08007cfc   Section        0  stm32f1xx_it.o(.text.UsageFault_Handler)
    __NVIC_EnableIRQ                         0x08007d01   Thumb Code    52  stm32f1xx_hal_cortex.o(.text.__NVIC_EnableIRQ)
    [Anonymous Symbol]                       0x08007d00   Section        0  stm32f1xx_hal_cortex.o(.text.__NVIC_EnableIRQ)
    __NVIC_GetPriorityGrouping               0x08007d35   Thumb Code    16  stm32f1xx_hal_cortex.o(.text.__NVIC_GetPriorityGrouping)
    [Anonymous Symbol]                       0x08007d34   Section        0  stm32f1xx_hal_cortex.o(.text.__NVIC_GetPriorityGrouping)
    __NVIC_SetPriority                       0x08007d45   Thumb Code    68  stm32f1xx_hal_cortex.o(.text.__NVIC_SetPriority)
    [Anonymous Symbol]                       0x08007d44   Section        0  stm32f1xx_hal_cortex.o(.text.__NVIC_SetPriority)
    __NVIC_SetPriorityGrouping               0x08007d89   Thumb Code    60  stm32f1xx_hal_cortex.o(.text.__NVIC_SetPriorityGrouping)
    [Anonymous Symbol]                       0x08007d88   Section        0  stm32f1xx_hal_cortex.o(.text.__NVIC_SetPriorityGrouping)
    [Anonymous Symbol]                       0x08007dc4   Section        0  main.o(.text.main)
    _IQ24atan2PU                             0x08007e10   Section      208  IQNatan2PU.o(_IQ24atan2PU)
    _IQ24cosPU                               0x08007ee0   Section      128  IQNcosPU.o(_IQ24cosPU)
    _IQ24div                                 0x08007f60   Section      144  IQNdiv.o(_IQ24div)
    _IQ24mag                                 0x08007ff0   Section      136  IQNmag.o(_IQ24mag)
    _IQ24mpy                                 0x08008078   Section       16  IQNmpy.o(_IQ24mpy)
    _IQ24mpyI32int                           0x08008088   Section       28  IQNmpyI32int.o(_IQ24mpyI32int)
    _IQ24sinPU                               0x080080a4   Section      124  IQNsinPU.o(_IQ24sinPU)
    _IQ24sqrt                                0x08008120   Section      108  IQNsqrt.o(_IQ24sqrt)
    _IQ24toF                                 0x0800818c   Section       36  IQNtoF.o(_IQ24toF)
    atan2PU_table                            0x080081b0   Section     3072  IQtables.o(atan2PU_table)
    div_table                                0x08008db0   Section     2048  IQtables.o(div_table)
    isqrt_table                              0x080095b0   Section     2048  IQtables.o(isqrt_table)
    sincos_table                             0x08009db0   Section     2052  IQtables.o(sincos_table)
    x$fpl$dcmpinf                            0x0800a5b4   Section       24  dcmpi.o(x$fpl$dcmpinf)
    x$fpl$deqf                               0x0800a5cc   Section      120  deqf.o(x$fpl$deqf)
    x$fpl$dflt                               0x0800a644   Section       46  dflt_clz.o(x$fpl$dflt)
    x$fpl$dgeqf                              0x0800a674   Section      120  dgeqf.o(x$fpl$dgeqf)
    x$fpl$dleqf                              0x0800a6ec   Section      120  dleqf.o(x$fpl$dleqf)
    x$fpl$dnaninf                            0x0800a764   Section      156  dnaninf.o(x$fpl$dnaninf)
    x$fpl$fcmp                               0x0800a800   Section       84  dcmp.o(x$fpl$fcmp)
    _fdiv1                                   0x0800a855   Thumb Code     0  fdiv.o(x$fpl$fdiv)
    x$fpl$fdiv                               0x0800a854   Section      388  fdiv.o(x$fpl$fdiv)
    x$fpl$ffix                               0x0800a9d8   Section       54  ffix.o(x$fpl$ffix)
    x$fpl$ffltu                              0x0800aa10   Section       38  fflt_clz.o(x$fpl$ffltu)
    x$fpl$fmul                               0x0800aa38   Section      258  fmul.o(x$fpl$fmul)
    x$fpl$fnaninf                            0x0800ab3a   Section      140  fnaninf.o(x$fpl$fnaninf)
    x$fpl$fretinf                            0x0800abc6   Section       10  fretinf.o(x$fpl$fretinf)
    x$fpl$usenofp                            0x0800abd0   Section        0  usenofp.o(x$fpl$usenofp)
    .bss                                     0x20000030   Section       96  libspace.o(.bss)
    Heap_Mem                                 0x200013e0   Data         512  startup_stm32f103xb.o(HEAP)
    HEAP                                     0x200013e0   Section      512  startup_stm32f103xb.o(HEAP)
    Stack_Mem                                0x200015e0   Data        1024  startup_stm32f103xb.o(STACK)
    STACK                                    0x200015e0   Section     1024  startup_stm32f103xb.o(STACK)
    __initial_sp                             0x200019e0   Data           0  startup_stm32f103xb.o(STACK)

    Global Symbols

    Symbol Name                              Value     Ov Type        Size  Object(Section)

    BuildAttributes$$THM_ISAv4$P$D$K$B$S$PE$A:L22UL41UL21$X:L11$S22US41US21$IEEE1$IW$~IW$USESV6$~STKCKD$USESV7$~SHL$OSPACE$ROPI$EBA8$UX$STANDARDLIB$REQ8$PRES8$EABIv2 0x00000000   Number         0  anon$$obj.o ABSOLUTE
    __fp_init_empty                          0x00000000   Number         0  fpinit_empty.o ABSOLUTE
    __ARM_exceptions_init                     - Undefined Weak Reference
    __alloca_initialize                       - Undefined Weak Reference
    __arm_preinit_                            - Undefined Weak Reference
    __cpp_initialize__aeabi_                  - Undefined Weak Reference
    __cxa_finalize                            - Undefined Weak Reference
    __rt_locale                               - Undefined Weak Reference
    __sigvec_lookup                           - Undefined Weak Reference
    _atexit_init                              - Undefined Weak Reference
    _call_atexit_fns                          - Undefined Weak Reference
    _clock_init                               - Undefined Weak Reference
    _fp_trap_init                             - Undefined Weak Reference
    _fp_trap_shutdown                         - Undefined Weak Reference
    _get_lc_collate                           - Undefined Weak Reference
    _get_lc_ctype                             - Undefined Weak Reference
    _get_lc_monetary                          - Undefined Weak Reference
    _get_lc_numeric                           - Undefined Weak Reference
    _get_lc_time                              - Undefined Weak Reference
    _getenv_init                              - Undefined Weak Reference
    _handle_redirection                       - Undefined Weak Reference
    _init_alloc                               - Undefined Weak Reference
    _init_user_alloc                          - Undefined Weak Reference
    _initio                                   - Undefined Weak Reference
    _rand_init                                - Undefined Weak Reference
    _signal_finish                            - Undefined Weak Reference
    _signal_init                              - Undefined Weak Reference
    _terminate_alloc                          - Undefined Weak Reference
    _terminate_user_alloc                     - Undefined Weak Reference
    _terminateio                              - Undefined Weak Reference
    __Vectors_Size                           0x000000ec   Number         0  startup_stm32f103xb.o ABSOLUTE
    __Vectors                                0x08000000   Data           4  startup_stm32f103xb.o(RESET)
    __Vectors_End                            0x080000ec   Data           0  startup_stm32f103xb.o(RESET)
    __main                                   0x080000ed   Thumb Code     8  __main.o(!!!main)
    __scatterload                            0x080000f5   Thumb Code     0  __scatter.o(!!!scatter)
    __scatterload_rt2                        0x080000f5   Thumb Code    44  __scatter.o(!!!scatter)
    __scatterload_rt2_thumb_only             0x080000f5   Thumb Code     0  __scatter.o(!!!scatter)
    __scatterload_null                       0x08000103   Thumb Code     0  __scatter.o(!!!scatter)
    __scatterload_copy                       0x08000129   Thumb Code    26  __scatter_copy.o(!!handler_copy)
    __scatterload_zeroinit                   0x08000145   Thumb Code    28  __scatter_zi.o(!!handler_zi)
    __rt_lib_init                            0x08000161   Thumb Code     0  libinit.o(.ARM.Collect$$libinit$$00000000)
    __rt_lib_init_alloca_1                   0x08000163   Thumb Code     0  libinit2.o(.ARM.Collect$$libinit$$0000002E)
    __rt_lib_init_argv_1                     0x08000163   Thumb Code     0  libinit2.o(.ARM.Collect$$libinit$$0000002C)
    __rt_lib_init_atexit_1                   0x08000163   Thumb Code     0  libinit2.o(.ARM.Collect$$libinit$$0000001B)
    __rt_lib_init_clock_1                    0x08000163   Thumb Code     0  libinit2.o(.ARM.Collect$$libinit$$00000021)
    __rt_lib_init_cpp_1                      0x08000163   Thumb Code     0  libinit2.o(.ARM.Collect$$libinit$$00000032)
    __rt_lib_init_exceptions_1               0x08000163   Thumb Code     0  libinit2.o(.ARM.Collect$$libinit$$00000030)
    __rt_lib_init_fp_1                       0x08000163   Thumb Code     0  libinit2.o(.ARM.Collect$$libinit$$00000002)
    __rt_lib_init_fp_trap_1                  0x08000163   Thumb Code     0  libinit2.o(.ARM.Collect$$libinit$$0000001F)
    __rt_lib_init_getenv_1                   0x08000163   Thumb Code     0  libinit2.o(.ARM.Collect$$libinit$$00000023)
    __rt_lib_init_heap_1                     0x08000163   Thumb Code     0  libinit2.o(.ARM.Collect$$libinit$$0000000A)
    __rt_lib_init_lc_collate_1               0x08000163   Thumb Code     0  libinit2.o(.ARM.Collect$$libinit$$00000011)
    __rt_lib_init_lc_ctype_1                 0x08000163   Thumb Code     0  libinit2.o(.ARM.Collect$$libinit$$00000013)
    __rt_lib_init_lc_monetary_1              0x08000163   Thumb Code     0  libinit2.o(.ARM.Collect$$libinit$$00000015)
    __rt_lib_init_lc_numeric_1               0x08000163   Thumb Code     0  libinit2.o(.ARM.Collect$$libinit$$00000017)
    __rt_lib_init_lc_time_1                  0x08000163   Thumb Code     0  libinit2.o(.ARM.Collect$$libinit$$00000019)
    __rt_lib_init_preinit_1                  0x08000163   Thumb Code     0  libinit2.o(.ARM.Collect$$libinit$$00000004)
    __rt_lib_init_rand_1                     0x08000163   Thumb Code     0  libinit2.o(.ARM.Collect$$libinit$$0000000E)
    __rt_lib_init_return                     0x08000163   Thumb Code     0  libinit2.o(.ARM.Collect$$libinit$$00000033)
    __rt_lib_init_signal_1                   0x08000163   Thumb Code     0  libinit2.o(.ARM.Collect$$libinit$$0000001D)
    __rt_lib_init_stdio_1                    0x08000163   Thumb Code     0  libinit2.o(.ARM.Collect$$libinit$$00000025)
    __rt_lib_init_user_alloc_1               0x08000163   Thumb Code     0  libinit2.o(.ARM.Collect$$libinit$$0000000C)
    __rt_lib_shutdown                        0x08000165   Thumb Code     0  libshutdown.o(.ARM.Collect$$libshutdown$$00000000)
    __rt_lib_shutdown_cpp_1                  0x08000167   Thumb Code     0  libshutdown2.o(.ARM.Collect$$libshutdown$$00000002)
    __rt_lib_shutdown_fp_trap_1              0x08000167   Thumb Code     0  libshutdown2.o(.ARM.Collect$$libshutdown$$00000007)
    __rt_lib_shutdown_heap_1                 0x08000167   Thumb Code     0  libshutdown2.o(.ARM.Collect$$libshutdown$$0000000F)
    __rt_lib_shutdown_return                 0x08000167   Thumb Code     0  libshutdown2.o(.ARM.Collect$$libshutdown$$00000010)
    __rt_lib_shutdown_signal_1               0x08000167   Thumb Code     0  libshutdown2.o(.ARM.Collect$$libshutdown$$0000000A)
    __rt_lib_shutdown_stdio_1                0x08000167   Thumb Code     0  libshutdown2.o(.ARM.Collect$$libshutdown$$00000004)
    __rt_lib_shutdown_user_alloc_1           0x08000167   Thumb Code     0  libshutdown2.o(.ARM.Collect$$libshutdown$$0000000C)
    __rt_entry                               0x08000169   Thumb Code     0  __rtentry.o(.ARM.Collect$$rtentry$$00000000)
    __rt_entry_presh_1                       0x08000169   Thumb Code     0  __rtentry2.o(.ARM.Collect$$rtentry$$00000002)
    __rt_entry_sh                            0x08000169   Thumb Code     0  __rtentry4.o(.ARM.Collect$$rtentry$$00000004)
    __rt_entry_li                            0x0800016f   Thumb Code     0  __rtentry2.o(.ARM.Collect$$rtentry$$0000000A)
    __rt_entry_postsh_1                      0x0800016f   Thumb Code     0  __rtentry2.o(.ARM.Collect$$rtentry$$00000009)
    __rt_entry_main                          0x08000173   Thumb Code     0  __rtentry2.o(.ARM.Collect$$rtentry$$0000000D)
    __rt_entry_postli_1                      0x08000173   Thumb Code     0  __rtentry2.o(.ARM.Collect$$rtentry$$0000000C)
    __rt_exit                                0x0800017b   Thumb Code     0  rtexit.o(.ARM.Collect$$rtexit$$00000000)
    __rt_exit_ls                             0x0800017d   Thumb Code     0  rtexit2.o(.ARM.Collect$$rtexit$$00000003)
    __rt_exit_prels_1                        0x0800017d   Thumb Code     0  rtexit2.o(.ARM.Collect$$rtexit$$00000002)
    __rt_exit_exit                           0x08000181   Thumb Code     0  rtexit2.o(.ARM.Collect$$rtexit$$00000004)
    Reset_Handler                            0x08000189   Thumb Code     8  startup_stm32f103xb.o(.text)
    ADC1_2_IRQHandler                        0x080001a3   Thumb Code     0  startup_stm32f103xb.o(.text)
    CAN1_SCE_IRQHandler                      0x080001a3   Thumb Code     0  startup_stm32f103xb.o(.text)
    DMA1_Channel2_IRQHandler                 0x080001a3   Thumb Code     0  startup_stm32f103xb.o(.text)
    DMA1_Channel3_IRQHandler                 0x080001a3   Thumb Code     0  startup_stm32f103xb.o(.text)
    DMA1_Channel4_IRQHandler                 0x080001a3   Thumb Code     0  startup_stm32f103xb.o(.text)
    DMA1_Channel5_IRQHandler                 0x080001a3   Thumb Code     0  startup_stm32f103xb.o(.text)
    DMA1_Channel6_IRQHandler                 0x080001a3   Thumb Code     0  startup_stm32f103xb.o(.text)
    EXTI0_IRQHandler                         0x080001a3   Thumb Code     0  startup_stm32f103xb.o(.text)
    EXTI15_10_IRQHandler                     0x080001a3   Thumb Code     0  startup_stm32f103xb.o(.text)
    EXTI1_IRQHandler                         0x080001a3   Thumb Code     0  startup_stm32f103xb.o(.text)
    EXTI2_IRQHandler                         0x080001a3   Thumb Code     0  startup_stm32f103xb.o(.text)
    EXTI3_IRQHandler                         0x080001a3   Thumb Code     0  startup_stm32f103xb.o(.text)
    EXTI4_IRQHandler                         0x080001a3   Thumb Code     0  startup_stm32f103xb.o(.text)
    EXTI9_5_IRQHandler                       0x080001a3   Thumb Code     0  startup_stm32f103xb.o(.text)
    FLASH_IRQHandler                         0x080001a3   Thumb Code     0  startup_stm32f103xb.o(.text)
    I2C1_ER_IRQHandler                       0x080001a3   Thumb Code     0  startup_stm32f103xb.o(.text)
    I2C2_ER_IRQHandler                       0x080001a3   Thumb Code     0  startup_stm32f103xb.o(.text)
    I2C2_EV_IRQHandler                       0x080001a3   Thumb Code     0  startup_stm32f103xb.o(.text)
    PVD_IRQHandler                           0x080001a3   Thumb Code     0  startup_stm32f103xb.o(.text)
    RCC_IRQHandler                           0x080001a3   Thumb Code     0  startup_stm32f103xb.o(.text)
    RTC_Alarm_IRQHandler                     0x080001a3   Thumb Code     0  startup_stm32f103xb.o(.text)
    RTC_IRQHandler                           0x080001a3   Thumb Code     0  startup_stm32f103xb.o(.text)
    SPI1_IRQHandler                          0x080001a3   Thumb Code     0  startup_stm32f103xb.o(.text)
    SPI2_IRQHandler                          0x080001a3   Thumb Code     0  startup_stm32f103xb.o(.text)
    TAMPER_IRQHandler                        0x080001a3   Thumb Code     0  startup_stm32f103xb.o(.text)
    TIM1_BRK_IRQHandler                      0x080001a3   Thumb Code     0  startup_stm32f103xb.o(.text)
    TIM1_CC_IRQHandler                       0x080001a3   Thumb Code     0  startup_stm32f103xb.o(.text)
    TIM1_TRG_COM_IRQHandler                  0x080001a3   Thumb Code     0  startup_stm32f103xb.o(.text)
    TIM2_IRQHandler                          0x080001a3   Thumb Code     0  startup_stm32f103xb.o(.text)
    TIM4_IRQHandler                          0x080001a3   Thumb Code     0  startup_stm32f103xb.o(.text)
    USART1_IRQHandler                        0x080001a3   Thumb Code     0  startup_stm32f103xb.o(.text)
    USART2_IRQHandler                        0x080001a3   Thumb Code     0  startup_stm32f103xb.o(.text)
    USART3_IRQHandler                        0x080001a3   Thumb Code     0  startup_stm32f103xb.o(.text)
    USBWakeUp_IRQHandler                     0x080001a3   Thumb Code     0  startup_stm32f103xb.o(.text)
    USB_HP_CAN1_TX_IRQHandler                0x080001a3   Thumb Code     0  startup_stm32f103xb.o(.text)
    USB_LP_CAN1_RX0_IRQHandler               0x080001a3   Thumb Code     0  startup_stm32f103xb.o(.text)
    WWDG_IRQHandler                          0x080001a3   Thumb Code     0  startup_stm32f103xb.o(.text)
    __user_initial_stackheap                 0x080001a5   Thumb Code     0  startup_stm32f103xb.o(.text)
    __aeabi_memclr                           0x080001c9   Thumb Code     0  rt_memclr.o(.text)
    __rt_memclr                              0x080001c9   Thumb Code    68  rt_memclr.o(.text)
    _memset                                  0x080001cd   Thumb Code     0  rt_memclr.o(.text)
    __aeabi_memclr4                          0x0800020d   Thumb Code     0  rt_memclr_w.o(.text)
    __aeabi_memclr8                          0x0800020d   Thumb Code     0  rt_memclr_w.o(.text)
    __rt_memclr_w                            0x0800020d   Thumb Code    78  rt_memclr_w.o(.text)
    _memset_w                                0x08000211   Thumb Code     0  rt_memclr_w.o(.text)
    __use_two_region_memory                  0x0800025b   Thumb Code     2  heapauxi.o(.text)
    __rt_heap_escrow$2region                 0x0800025d   Thumb Code     2  heapauxi.o(.text)
    __rt_heap_expand$2region                 0x0800025f   Thumb Code     2  heapauxi.o(.text)
    __user_setup_stackheap                   0x08000261   Thumb Code    74  sys_stackheap_outer.o(.text)
    exit                                     0x080002ab   Thumb Code    18  exit.o(.text)
    __user_libspace                          0x080002bd   Thumb Code     8  libspace.o(.text)
    __user_perproc_libspace                  0x080002bd   Thumb Code     0  libspace.o(.text)
    __user_perthread_libspace                0x080002bd   Thumb Code     0  libspace.o(.text)
    _sys_exit                                0x080002c5   Thumb Code     8  sys_exit.o(.text)
    __I$use$semihosting                      0x080002d1   Thumb Code     0  use_no_semi.o(.text)
    __use_no_semihosting_swi                 0x080002d1   Thumb Code     2  use_no_semi.o(.text)
    __semihosting_library_function           0x080002d3   Thumb Code     0  indicate_semi.o(.text)
    ADC_ConversionStop_Disable               0x080002d5   Thumb Code   136  stm32f1xx_hal_adc.o(.text.ADC_ConversionStop_Disable)
    ADC_DMAConvCplt                          0x0800035d   Thumb Code   128  stm32f1xx_hal_adc.o(.text.ADC_DMAConvCplt)
    ADC_DMAError                             0x080003dd   Thumb Code    42  stm32f1xx_hal_adc.o(.text.ADC_DMAError)
    ADC_DMAHalfConvCplt                      0x08000409   Thumb Code    22  stm32f1xx_hal_adc.o(.text.ADC_DMAHalfConvCplt)
    ADC_Enable                               0x08000421   Thumb Code   194  stm32f1xx_hal_adc.o(.text.ADC_Enable)
    ADC_Init                                 0x080004e5   Thumb Code    80  bsp_adc.o(.text.ADC_Init)
    AS5600_Get_Angle                         0x08000535   Thumb Code   178  as5600.o(.text.AS5600_Get_Angle)
    AS5600_Get_RAWData                       0x080005e9   Thumb Code    42  as5600.o(.text.AS5600_Get_RAWData)
    Angle_Normalize                          0x08000615   Thumb Code    58  useful_math_lib.o(.text.Angle_Normalize)
    BusFault_Handler                         0x08000651   Thumb Code     4  stm32f1xx_it.o(.text.BusFault_Handler)
    CAN1_RX1_IRQHandler                      0x08000655   Thumb Code    16  stm32f1xx_it.o(.text.CAN1_RX1_IRQHandler)
    Clark_Transformation                     0x08000665   Thumb Code    50  foc_ctrl.o(.text.Clark_Transformation)
    Current_init                             0x08000699   Thumb Code   204  foc_ctrl.o(.text.Current_init)
    DMA1_Channel1_IRQHandler                 0x08000765   Thumb Code   174  bsp_adc.o(.text.DMA1_Channel1_IRQHandler)
    DMA1_Channel7_IRQHandler                 0x08000815   Thumb Code   260  as5600.o(.text.DMA1_Channel7_IRQHandler)
    DebugMon_Handler                         0x0800096d   Thumb Code     2  stm32f1xx_it.o(.text.DebugMon_Handler)
    Driver_Enable                            0x08000971   Thumb Code    16  foc_ctrl.o(.text.Driver_Enable)
    Error_Handler                            0x08000981   Thumb Code    14  main.o(.text.Error_Handler)
    FOC_Ctrl                                 0x08000991   Thumb Code   120  foc_ctrl.o(.text.FOC_Ctrl)
    FOC_Init                                 0x08000a09   Thumb Code   160  foc_ctrl.o(.text.FOC_Init)
    FOC_PID                                  0x08000aa9   Thumb Code   902  foc_ctrl.o(.text.FOC_PID)
    Get_ADC_Value                            0x08000e31   Thumb Code   230  bsp_adc.o(.text.Get_ADC_Value)
    Get_Current                              0x08000f19   Thumb Code   120  foc_ctrl.o(.text.Get_Current)
    Get_Current_Angle                        0x08000f91   Thumb Code    62  foc_ctrl.o(.text.Get_Current_Angle)
    HAL_ADCEx_Calibration_Start              0x08000fd1   Thumb Code   394  stm32f1xx_hal_adc_ex.o(.text.HAL_ADCEx_Calibration_Start)
    HAL_ADCEx_MultiModeConfigChannel         0x0800115d   Thumb Code   182  stm32f1xx_hal_adc_ex.o(.text.HAL_ADCEx_MultiModeConfigChannel)
    HAL_ADCEx_MultiModeStart_DMA             0x08001215   Thumb Code   388  stm32f1xx_hal_adc_ex.o(.text.HAL_ADCEx_MultiModeStart_DMA)
    HAL_ADC_ConfigChannel                    0x08001399   Thumb Code   444  stm32f1xx_hal_adc.o(.text.HAL_ADC_ConfigChannel)
    HAL_ADC_ConvCpltCallback                 0x08001555   Thumb Code     8  stm32f1xx_hal_adc.o(.text.HAL_ADC_ConvCpltCallback)
    HAL_ADC_ConvHalfCpltCallback             0x0800155d   Thumb Code     8  stm32f1xx_hal_adc.o(.text.HAL_ADC_ConvHalfCpltCallback)
    HAL_ADC_ErrorCallback                    0x08001565   Thumb Code     8  stm32f1xx_hal_adc.o(.text.HAL_ADC_ErrorCallback)
    HAL_ADC_Init                             0x0800156d   Thumb Code   540  stm32f1xx_hal_adc.o(.text.HAL_ADC_Init)
    HAL_ADC_MspInit                          0x08001789   Thumb Code   310  adc.o(.text.HAL_ADC_MspInit)
    HAL_CAN_ErrorCallback                    0x080018c1   Thumb Code     8  stm32f1xx_hal_can.o(.text.HAL_CAN_ErrorCallback)
    HAL_CAN_GetRxMessage                     0x080018c9   Thumb Code   506  stm32f1xx_hal_can.o(.text.HAL_CAN_GetRxMessage)
    HAL_CAN_IRQHandler                       0x08001ac5   Thumb Code  1028  stm32f1xx_hal_can.o(.text.HAL_CAN_IRQHandler)
    HAL_CAN_Init                             0x08001ec9   Thumb Code   484  stm32f1xx_hal_can.o(.text.HAL_CAN_Init)
    HAL_CAN_MspInit                          0x080020ad   Thumb Code   176  can.o(.text.HAL_CAN_MspInit)
    HAL_CAN_RxFifo0FullCallback              0x0800215d   Thumb Code     8  stm32f1xx_hal_can.o(.text.HAL_CAN_RxFifo0FullCallback)
    HAL_CAN_RxFifo0MsgPendingCallback        0x08002165   Thumb Code     8  stm32f1xx_hal_can.o(.text.HAL_CAN_RxFifo0MsgPendingCallback)
    HAL_CAN_RxFifo1FullCallback              0x0800216d   Thumb Code     8  stm32f1xx_hal_can.o(.text.HAL_CAN_RxFifo1FullCallback)
    HAL_CAN_RxFifo1MsgPendingCallback        0x08002175   Thumb Code    24  bsp_can.o(.text.HAL_CAN_RxFifo1MsgPendingCallback)
    HAL_CAN_SleepCallback                    0x0800218d   Thumb Code     8  stm32f1xx_hal_can.o(.text.HAL_CAN_SleepCallback)
    HAL_CAN_TxMailbox0AbortCallback          0x08002195   Thumb Code     8  stm32f1xx_hal_can.o(.text.HAL_CAN_TxMailbox0AbortCallback)
    HAL_CAN_TxMailbox0CompleteCallback       0x0800219d   Thumb Code     8  stm32f1xx_hal_can.o(.text.HAL_CAN_TxMailbox0CompleteCallback)
    HAL_CAN_TxMailbox1AbortCallback          0x080021a5   Thumb Code     8  stm32f1xx_hal_can.o(.text.HAL_CAN_TxMailbox1AbortCallback)
    HAL_CAN_TxMailbox1CompleteCallback       0x080021ad   Thumb Code     8  stm32f1xx_hal_can.o(.text.HAL_CAN_TxMailbox1CompleteCallback)
    HAL_CAN_TxMailbox2AbortCallback          0x080021b5   Thumb Code     8  stm32f1xx_hal_can.o(.text.HAL_CAN_TxMailbox2AbortCallback)
    HAL_CAN_TxMailbox2CompleteCallback       0x080021bd   Thumb Code     8  stm32f1xx_hal_can.o(.text.HAL_CAN_TxMailbox2CompleteCallback)
    HAL_CAN_WakeUpFromRxMsgCallback          0x080021c5   Thumb Code     8  stm32f1xx_hal_can.o(.text.HAL_CAN_WakeUpFromRxMsgCallback)
    HAL_DMA_Abort_IT                         0x080021cd   Thumb Code   286  stm32f1xx_hal_dma.o(.text.HAL_DMA_Abort_IT)
    HAL_DMA_GetState                         0x080022ed   Thumb Code    14  stm32f1xx_hal_dma.o(.text.HAL_DMA_GetState)
    HAL_DMA_Init                             0x080022fd   Thumb Code   182  stm32f1xx_hal_dma.o(.text.HAL_DMA_Init)
    HAL_DMA_Start_IT                         0x080023b5   Thumb Code   204  stm32f1xx_hal_dma.o(.text.HAL_DMA_Start_IT)
    HAL_Delay                                0x08002481   Thumb Code    68  stm32f1xx_hal.o(.text.HAL_Delay)
    HAL_GPIO_Init                            0x080024c5   Thumb Code   814  stm32f1xx_hal_gpio.o(.text.HAL_GPIO_Init)
    HAL_GPIO_WritePin                        0x080027f5   Thumb Code    52  stm32f1xx_hal_gpio.o(.text.HAL_GPIO_WritePin)
    HAL_GetTick                              0x08002829   Thumb Code    12  stm32f1xx_hal.o(.text.HAL_GetTick)
    HAL_I2C_AbortCpltCallback                0x08002835   Thumb Code     8  stm32f1xx_hal_i2c.o(.text.HAL_I2C_AbortCpltCallback)
    HAL_I2C_AddrCallback                     0x0800283d   Thumb Code    20  stm32f1xx_hal_i2c.o(.text.HAL_I2C_AddrCallback)
    HAL_I2C_EV_IRQHandler                    0x08002851   Thumb Code   980  stm32f1xx_hal_i2c.o(.text.HAL_I2C_EV_IRQHandler)
    HAL_I2C_ErrorCallback                    0x08002c25   Thumb Code     8  stm32f1xx_hal_i2c.o(.text.HAL_I2C_ErrorCallback)
    HAL_I2C_Init                             0x08002c2d   Thumb Code   698  stm32f1xx_hal_i2c.o(.text.HAL_I2C_Init)
    HAL_I2C_ListenCpltCallback               0x08002ee9   Thumb Code     8  stm32f1xx_hal_i2c.o(.text.HAL_I2C_ListenCpltCallback)
    HAL_I2C_MasterRxCpltCallback             0x08002ef1   Thumb Code     8  stm32f1xx_hal_i2c.o(.text.HAL_I2C_MasterRxCpltCallback)
    HAL_I2C_MasterTxCpltCallback             0x08002ef9   Thumb Code     8  stm32f1xx_hal_i2c.o(.text.HAL_I2C_MasterTxCpltCallback)
    HAL_I2C_MemRxCpltCallback                0x08002f01   Thumb Code     8  stm32f1xx_hal_i2c.o(.text.HAL_I2C_MemRxCpltCallback)
    HAL_I2C_MemTxCpltCallback                0x08002f09   Thumb Code     8  stm32f1xx_hal_i2c.o(.text.HAL_I2C_MemTxCpltCallback)
    HAL_I2C_Mem_Read_DMA                     0x08002f11   Thumb Code   864  stm32f1xx_hal_i2c.o(.text.HAL_I2C_Mem_Read_DMA)
    HAL_I2C_MspInit                          0x08003271   Thumb Code   216  i2c.o(.text.HAL_I2C_MspInit)
    HAL_I2C_SlaveRxCpltCallback              0x08003349   Thumb Code     8  stm32f1xx_hal_i2c.o(.text.HAL_I2C_SlaveRxCpltCallback)
    HAL_I2C_SlaveTxCpltCallback              0x08003351   Thumb Code     8  stm32f1xx_hal_i2c.o(.text.HAL_I2C_SlaveTxCpltCallback)
    HAL_IncTick                              0x08003359   Thumb Code    26  stm32f1xx_hal.o(.text.HAL_IncTick)
    HAL_Init                                 0x08003375   Thumb Code    44  stm32f1xx_hal.o(.text.HAL_Init)
    HAL_InitTick                             0x080033a1   Thumb Code   114  stm32f1xx_hal.o(.text.HAL_InitTick)
    HAL_MspInit                              0x08003415   Thumb Code   100  stm32f1xx_hal_msp.o(.text.HAL_MspInit)
    HAL_NVIC_EnableIRQ                       0x08003479   Thumb Code    24  stm32f1xx_hal_cortex.o(.text.HAL_NVIC_EnableIRQ)
    HAL_NVIC_SetPriority                     0x08003491   Thumb Code    64  stm32f1xx_hal_cortex.o(.text.HAL_NVIC_SetPriority)
    HAL_NVIC_SetPriorityGrouping             0x080034d1   Thumb Code    16  stm32f1xx_hal_cortex.o(.text.HAL_NVIC_SetPriorityGrouping)
    HAL_RCCEx_GetPeriphCLKFreq               0x080034e1   Thumb Code   452  stm32f1xx_hal_rcc_ex.o(.text.HAL_RCCEx_GetPeriphCLKFreq)
    HAL_RCCEx_PeriphCLKConfig                0x080036a5   Thumb Code   460  stm32f1xx_hal_rcc_ex.o(.text.HAL_RCCEx_PeriphCLKConfig)
    HAL_RCC_ClockConfig                      0x08003871   Thumb Code   600  stm32f1xx_hal_rcc.o(.text.HAL_RCC_ClockConfig)
    HAL_RCC_GetHCLKFreq                      0x08003ac9   Thumb Code    12  stm32f1xx_hal_rcc.o(.text.HAL_RCC_GetHCLKFreq)
    HAL_RCC_GetPCLK1Freq                     0x08003ad5   Thumb Code    34  stm32f1xx_hal_rcc.o(.text.HAL_RCC_GetPCLK1Freq)
    HAL_RCC_GetPCLK2Freq                     0x08003af9   Thumb Code    34  stm32f1xx_hal_rcc.o(.text.HAL_RCC_GetPCLK2Freq)
    HAL_RCC_GetSysClockFreq                  0x08003b1d   Thumb Code   232  stm32f1xx_hal_rcc.o(.text.HAL_RCC_GetSysClockFreq)
    HAL_RCC_OscConfig                        0x08003c05   Thumb Code  1674  stm32f1xx_hal_rcc.o(.text.HAL_RCC_OscConfig)
    HAL_SYSTICK_Config                       0x08004291   Thumb Code    16  stm32f1xx_hal_cortex.o(.text.HAL_SYSTICK_Config)
    HAL_TIMEx_BreakCallback                  0x080042a1   Thumb Code     8  stm32f1xx_hal_tim_ex.o(.text.HAL_TIMEx_BreakCallback)
    HAL_TIMEx_CommutCallback                 0x080042a9   Thumb Code     8  stm32f1xx_hal_tim_ex.o(.text.HAL_TIMEx_CommutCallback)
    HAL_TIMEx_ConfigBreakDeadTime            0x080042b1   Thumb Code   178  stm32f1xx_hal_tim_ex.o(.text.HAL_TIMEx_ConfigBreakDeadTime)
    HAL_TIMEx_MasterConfigSynchronization    0x08004365   Thumb Code   220  stm32f1xx_hal_tim_ex.o(.text.HAL_TIMEx_MasterConfigSynchronization)
    HAL_TIM_Base_Init                        0x08004441   Thumb Code   166  stm32f1xx_hal_tim.o(.text.HAL_TIM_Base_Init)
    HAL_TIM_Base_MspInit                     0x080044e9   Thumb Code   152  tim.o(.text.HAL_TIM_Base_MspInit)
    HAL_TIM_Base_Start_IT                    0x08004581   Thumb Code   176  stm32f1xx_hal_tim.o(.text.HAL_TIM_Base_Start_IT)
    HAL_TIM_ConfigClockSource                0x08004631   Thumb Code   406  stm32f1xx_hal_tim.o(.text.HAL_TIM_ConfigClockSource)
    HAL_TIM_IC_CaptureCallback               0x080047c9   Thumb Code     8  stm32f1xx_hal_tim.o(.text.HAL_TIM_IC_CaptureCallback)
    HAL_TIM_IRQHandler                       0x080047d1   Thumb Code   642  stm32f1xx_hal_tim.o(.text.HAL_TIM_IRQHandler)
    HAL_TIM_MspPostInit                      0x08004a55   Thumb Code    96  tim.o(.text.HAL_TIM_MspPostInit)
    HAL_TIM_OC_DelayElapsedCallback          0x08004ab5   Thumb Code     8  stm32f1xx_hal_tim.o(.text.HAL_TIM_OC_DelayElapsedCallback)
    HAL_TIM_PWM_ConfigChannel                0x08004abd   Thumb Code   308  stm32f1xx_hal_tim.o(.text.HAL_TIM_PWM_ConfigChannel)
    HAL_TIM_PWM_Init                         0x08004bf1   Thumb Code   166  stm32f1xx_hal_tim.o(.text.HAL_TIM_PWM_Init)
    HAL_TIM_PWM_MspInit                      0x08004c99   Thumb Code     8  stm32f1xx_hal_tim.o(.text.HAL_TIM_PWM_MspInit)
    HAL_TIM_PWM_PulseFinishedCallback        0x08004ca1   Thumb Code     8  stm32f1xx_hal_tim.o(.text.HAL_TIM_PWM_PulseFinishedCallback)
    HAL_TIM_PWM_Start                        0x08004ca9   Thumb Code   356  stm32f1xx_hal_tim.o(.text.HAL_TIM_PWM_Start)
    HAL_TIM_PeriodElapsedCallback            0x08004e0d   Thumb Code     8  stm32f1xx_hal_tim.o(.text.HAL_TIM_PeriodElapsedCallback)
    HAL_TIM_TriggerCallback                  0x08004e15   Thumb Code     8  stm32f1xx_hal_tim.o(.text.HAL_TIM_TriggerCallback)
    HardFault_Handler                        0x08004e1d   Thumb Code     4  stm32f1xx_it.o(.text.HardFault_Handler)
    I2C1_EV_IRQHandler                       0x08004e21   Thumb Code    16  stm32f1xx_it.o(.text.I2C1_EV_IRQHandler)
    Init_Lighting                            0x080068e5   Thumb Code   118  bsp_led.o(.text.Init_Lighting)
    LED_Work_State                           0x0800695d   Thumb Code   216  bsp_led.o(.text.LED_Work_State)
    LPF                                      0x08006a35   Thumb Code   252  lpf.o(.text.LPF)
    LPF_Init                                 0x08006b31   Thumb Code    94  lpf.o(.text.LPF_Init)
    MX_ADC1_Init                             0x08006b91   Thumb Code   142  adc.o(.text.MX_ADC1_Init)
    MX_ADC2_Init                             0x08006c21   Thumb Code   108  adc.o(.text.MX_ADC2_Init)
    MX_CAN_Init                              0x08006c8d   Thumb Code    68  can.o(.text.MX_CAN_Init)
    MX_DMA_Init                              0x08006cd1   Thumb Code    76  dma.o(.text.MX_DMA_Init)
    MX_GPIO_Init                             0x08006d1d   Thumb Code   156  gpio.o(.text.MX_GPIO_Init)
    MX_I2C1_Init                             0x08006db9   Thumb Code    68  i2c.o(.text.MX_I2C1_Init)
    MX_TIM1_Init                             0x08006dfd   Thumb Code   360  tim.o(.text.MX_TIM1_Init)
    MX_TIM3_Init                             0x08006f65   Thumb Code   136  tim.o(.text.MX_TIM3_Init)
    MemManage_Handler                        0x08006fed   Thumb Code     4  stm32f1xx_it.o(.text.MemManage_Handler)
    NMI_Handler                              0x08006ff1   Thumb Code     4  stm32f1xx_it.o(.text.NMI_Handler)
    Nomal_Lighting                           0x08007065   Thumb Code    54  bsp_led.o(.text.Nomal_Lighting)
    PID_init                                 0x0800709d   Thumb Code   130  foc_ctrl.o(.text.PID_init)
    Park_Transformation                      0x08007121   Thumb Code   114  foc_ctrl.o(.text.Park_Transformation)
    PendSV_Handler                           0x08007195   Thumb Code     2  stm32f1xx_it.o(.text.PendSV_Handler)
    SVC_Handler                              0x080071d5   Thumb Code     2  stm32f1xx_it.o(.text.SVC_Handler)
    SVPWM                                    0x080071d9   Thumb Code   970  foc_ctrl.o(.text.SVPWM)
    SysTick_Handler                          0x080075f9   Thumb Code     8  stm32f1xx_it.o(.text.SysTick_Handler)
    SystemClock_Config                       0x08007601   Thumb Code   154  main.o(.text.SystemClock_Config)
    SystemInit                               0x0800769d   Thumb Code     2  system_stm32f1xx.o(.text.SystemInit)
    TIM1_UP_IRQHandler                       0x080076a1   Thumb Code   116  tim_it_server.o(.text.TIM1_UP_IRQHandler)
    TIM3_IRQHandler                          0x08007715   Thumb Code   118  tim_it_server.o(.text.TIM3_IRQHandler)
    TIM_Base_SetConfig                       0x0800778d   Thumb Code   240  stm32f1xx_hal_tim.o(.text.TIM_Base_SetConfig)
    TIM_CCxChannelCmd                        0x0800787d   Thumb Code    56  stm32f1xx_hal_tim.o(.text.TIM_CCxChannelCmd)
    TIM_ETR_SetConfig                        0x080078b5   Thumb Code    52  stm32f1xx_hal_tim.o(.text.TIM_ETR_SetConfig)
    TIM_Init                                 0x08007915   Thumb Code    42  tim_it_server.o(.text.TIM_Init)
    TIM_OC2_SetConfig                        0x08007a11   Thumb Code   216  stm32f1xx_hal_tim.o(.text.TIM_OC2_SetConfig)
    UsageFault_Handler                       0x08007cfd   Thumb Code     4  stm32f1xx_it.o(.text.UsageFault_Handler)
    main                                     0x08007dc5   Thumb Code    74  main.o(.text.main)
    _IQ24atan2PU                             0x08007e11   Thumb Code     0  IQNatan2PU.o(_IQ24atan2PU)
    _IQ24cosPU                               0x08007ee1   Thumb Code     0  IQNcosPU.o(_IQ24cosPU)
    _IQ24div                                 0x08007f61   Thumb Code     0  IQNdiv.o(_IQ24div)
    _IQ24mag                                 0x08007ff1   Thumb Code     0  IQNmag.o(_IQ24mag)
    _IQ24mpy                                 0x08008079   Thumb Code     0  IQNmpy.o(_IQ24mpy)
    _IQ24mpyI32int                           0x08008089   Thumb Code     0  IQNmpyI32int.o(_IQ24mpyI32int)
    _IQ24sinPU                               0x080080a5   Thumb Code     0  IQNsinPU.o(_IQ24sinPU)
    _IQ24sqrt                                0x08008121   Thumb Code     0  IQNsqrt.o(_IQ24sqrt)
    _IQ24toF                                 0x0800818d   Thumb Code     0  IQNtoF.o(_IQ24toF)
    atan2PU_table                            0x080081b0   Data           0  IQtables.o(atan2PU_table)
    div_table                                0x08008db0   Data           0  IQtables.o(div_table)
    isqrt_table                              0x080095b0   Data           0  IQtables.o(isqrt_table)
    sincos_table                             0x08009db0   Data           0  IQtables.o(sincos_table)
    __fpl_dcmp_Inf                           0x0800a5b5   Thumb Code    24  dcmpi.o(x$fpl$dcmpinf)
    __aeabi_cdcmpeq                          0x0800a5cd   Thumb Code     0  deqf.o(x$fpl$deqf)
    _dcmpeq                                  0x0800a5cd   Thumb Code   120  deqf.o(x$fpl$deqf)
    __aeabi_i2d                              0x0800a645   Thumb Code     0  dflt_clz.o(x$fpl$dflt)
    _dflt                                    0x0800a645   Thumb Code    46  dflt_clz.o(x$fpl$dflt)
    __aeabi_cdcmpge                          0x0800a675   Thumb Code     0  dgeqf.o(x$fpl$dgeqf)
    _dcmpge                                  0x0800a675   Thumb Code   120  dgeqf.o(x$fpl$dgeqf)
    __aeabi_cdcmple                          0x0800a6ed   Thumb Code     0  dleqf.o(x$fpl$dleqf)
    _dcmple                                  0x0800a6ed   Thumb Code   120  dleqf.o(x$fpl$dleqf)
    __fpl_dcmple_InfNaN                      0x0800a74f   Thumb Code     0  dleqf.o(x$fpl$dleqf)
    __fpl_dnaninf                            0x0800a765   Thumb Code   156  dnaninf.o(x$fpl$dnaninf)
    __aeabi_dcmpeq                           0x0800a801   Thumb Code     0  dcmp.o(x$fpl$fcmp)
    _deq                                     0x0800a801   Thumb Code    14  dcmp.o(x$fpl$fcmp)
    _dneq                                    0x0800a80f   Thumb Code    14  dcmp.o(x$fpl$fcmp)
    __aeabi_dcmpgt                           0x0800a81d   Thumb Code     0  dcmp.o(x$fpl$fcmp)
    _dgr                                     0x0800a81d   Thumb Code    14  dcmp.o(x$fpl$fcmp)
    __aeabi_dcmpge                           0x0800a82b   Thumb Code     0  dcmp.o(x$fpl$fcmp)
    _dgeq                                    0x0800a82b   Thumb Code    14  dcmp.o(x$fpl$fcmp)
    __aeabi_dcmple                           0x0800a839   Thumb Code     0  dcmp.o(x$fpl$fcmp)
    _dleq                                    0x0800a839   Thumb Code    14  dcmp.o(x$fpl$fcmp)
    __aeabi_dcmplt                           0x0800a847   Thumb Code     0  dcmp.o(x$fpl$fcmp)
    _dls                                     0x0800a847   Thumb Code    14  dcmp.o(x$fpl$fcmp)
    __aeabi_fdiv                             0x0800a855   Thumb Code     0  fdiv.o(x$fpl$fdiv)
    _fdiv                                    0x0800a855   Thumb Code   384  fdiv.o(x$fpl$fdiv)
    __aeabi_f2iz                             0x0800a9d9   Thumb Code     0  ffix.o(x$fpl$ffix)
    _ffix                                    0x0800a9d9   Thumb Code    54  ffix.o(x$fpl$ffix)
    __aeabi_ui2f                             0x0800aa11   Thumb Code     0  fflt_clz.o(x$fpl$ffltu)
    _ffltu                                   0x0800aa11   Thumb Code    38  fflt_clz.o(x$fpl$ffltu)
    __aeabi_fmul                             0x0800aa39   Thumb Code     0  fmul.o(x$fpl$fmul)
    _fmul                                    0x0800aa39   Thumb Code   258  fmul.o(x$fpl$fmul)
    __fpl_fnaninf                            0x0800ab3b   Thumb Code   140  fnaninf.o(x$fpl$fnaninf)
    __fpl_fretinf                            0x0800abc7   Thumb Code    10  fretinf.o(x$fpl$fretinf)
    AHBPrescTable                            0x0800abd0   Data          16  system_stm32f1xx.o(.rodata.AHBPrescTable)
    __I$use$fp                               0x0800abd0   Number         0  usenofp.o(x$fpl$usenofp)
    APBPrescTable                            0x0800abe0   Data           8  system_stm32f1xx.o(.rodata.APBPrescTable)
    Region$$Table$$Base                      0x0800abe8   Number         0  anon$$obj.o(Region$$Table)
    Region$$Table$$Limit                     0x0800ac08   Number         0  anon$$obj.o(Region$$Table)
    Level_Gain1                              0x20000000   Data           4  foc_ctrl.o(.data.Level_Gain1)
    Level_Gain2                              0x20000004   Data           4  foc_ctrl.o(.data.Level_Gain2)
    Sqrt3                                    0x20000008   Data           4  useful_math_lib.o(.data.Sqrt3)
    SystemCoreClock                          0x2000000c   Data           4  system_stm32f1xx.o(.data.SystemCoreClock)
    _002                                     0x20000010   Data           4  useful_math_lib.o(.data._002)
    _1                                       0x20000014   Data           4  useful_math_lib.o(.data._1)
    _1_Sqrt3                                 0x20000018   Data           4  useful_math_lib.o(.data._1_Sqrt3)
    _3p410                                   0x2000001c   Data           4  bsp_adc.o(.data._3p410)
    _PI_2_PU                                 0x20000020   Data           4  useful_math_lib.o(.data._PI_2_PU)
    _PI_3_PU                                 0x20000024   Data           4  useful_math_lib.o(.data._PI_3_PU)
    uwTickFreq                               0x20000028   Data           1  stm32f1xx_hal.o(.data.uwTickFreq)
    uwTickPrio                               0x2000002c   Data           4  stm32f1xx_hal.o(.data.uwTickPrio)
    __libspace_start                         0x20000030   Data          96  libspace.o(.bss)
    ADC_DATA                                 0x20000090   Data          60  bsp_adc.o(.bss.ADC_DATA)
    __temporary_stack_top$libspace           0x20000090   Data           0  libspace.o(.bss)
    Counter3                                 0x200000cc   Data           4  tim_it_server.o(.bss.Counter3)
    FOC                                      0x200000d0   Data         260  foc_ctrl.o(.bss.FOC)
    Ia                                       0x200001d4   Data        2000  foc_ctrl.o(.bss.Ia)
    Ib                                       0x200009a4   Data        2000  foc_ctrl.o(.bss.Ib)
    Id_Fbk0                                  0x20001174   Data           4  foc_ctrl.o(.bss.Id_Fbk0)
    Id_Set0                                  0x20001178   Data           4  foc_ctrl.o(.bss.Id_Set0)
    Iq_Fbk0                                  0x2000117c   Data           4  foc_ctrl.o(.bss.Iq_Fbk0)
    Iq_Set0                                  0x20001180   Data           4  foc_ctrl.o(.bss.Iq_Set0)
    LPF_Current_D                            0x20001184   Data          12  lpf.o(.bss.LPF_Current_D)
    LPF_Current_Q                            0x20001190   Data          12  lpf.o(.bss.LPF_Current_Q)
    LPF_I1                                   0x2000119c   Data          12  lpf.o(.bss.LPF_I1)
    LPF_I2                                   0x200011a8   Data          12  lpf.o(.bss.LPF_I2)
    LPF_Velocity                             0x200011b4   Data          12  lpf.o(.bss.LPF_Velocity)
    Last_Angle                               0x200011c0   Data           4  as5600.o(.bss.Last_Angle)
    Last_Time                                0x200011c4   Data           4  as5600.o(.bss.Last_Time)
    LedWorkMode                              0x200011c8   Data           1  bsp_led.o(.bss.LedWorkMode)
    Temp_Angle_Data                          0x200011c9   Data           2  as5600.o(.bss.Temp_Angle_Data)
    U0                                       0x200011cc   Data           4  foc_ctrl.o(.bss.U0)
    V                                        0x200011d0   Data           8  bsp_adc.o(.bss.V)
    V0                                       0x200011d8   Data           4  foc_ctrl.o(.bss.V0)
    W0                                       0x200011dc   Data           4  foc_ctrl.o(.bss.W0)
    angle_1                                  0x200011e0   Data           4  as5600.o(.bss.angle_1)
    hadc1                                    0x200011e4   Data          48  adc.o(.bss.hadc1)
    hadc2                                    0x20001214   Data          48  adc.o(.bss.hadc2)
    hcan                                     0x20001244   Data          40  can.o(.bss.hcan)
    hdma_adc1                                0x2000126c   Data          68  adc.o(.bss.hdma_adc1)
    hdma_i2c1_rx                             0x200012b0   Data          68  i2c.o(.bss.hdma_i2c1_rx)
    hi2c1                                    0x200012f4   Data          84  i2c.o(.bss.hi2c1)
    htim1                                    0x20001348   Data          72  tim.o(.bss.htim1)
    htim3                                    0x20001390   Data          72  tim.o(.bss.htim3)
    uwTick                                   0x200013d8   Data           4  stm32f1xx_hal.o(.bss.uwTick)



==============================================================================

Memory Map of the image

  Image Entry point : 0x080000ed

  Load Region LR_IROM1 (Base: 0x08000000, Size: 0x0000ac38, Max: 0x00010000, ABSOLUTE)

    Execution Region ER_IROM1 (Exec base: 0x08000000, Load base: 0x08000000, Size: 0x0000ac08, Max: 0x00010000, ABSOLUTE)

    Exec Addr    Load Addr    Size         Type   Attr      Idx    E Section Name        Object

    0x08000000   0x08000000   0x000000ec   Data   RO            3    RESET               startup_stm32f103xb.o
    0x080000ec   0x080000ec   0x00000008   Code   RO         2246  * !!!main             c_w.l(__main.o)
    0x080000f4   0x080000f4   0x00000034   Code   RO         2460    !!!scatter          c_w.l(__scatter.o)
    0x08000128   0x08000128   0x0000001a   Code   RO         2462    !!handler_copy      c_w.l(__scatter_copy.o)
    0x08000142   0x08000142   0x00000002   PAD
    0x08000144   0x08000144   0x0000001c   Code   RO         2464    !!handler_zi        c_w.l(__scatter_zi.o)
    0x08000160   0x08000160   0x00000002   Code   RO         2324    .ARM.Collect$$libinit$$00000000  c_w.l(libinit.o)
    0x08000162   0x08000162   0x00000000   Code   RO         2331    .ARM.Collect$$libinit$$00000002  c_w.l(libinit2.o)
    0x08000162   0x08000162   0x00000000   Code   RO         2333    .ARM.Collect$$libinit$$00000004  c_w.l(libinit2.o)
    0x08000162   0x08000162   0x00000000   Code   RO         2336    .ARM.Collect$$libinit$$0000000A  c_w.l(libinit2.o)
    0x08000162   0x08000162   0x00000000   Code   RO         2338    .ARM.Collect$$libinit$$0000000C  c_w.l(libinit2.o)
    0x08000162   0x08000162   0x00000000   Code   RO         2340    .ARM.Collect$$libinit$$0000000E  c_w.l(libinit2.o)
    0x08000162   0x08000162   0x00000000   Code   RO         2343    .ARM.Collect$$libinit$$00000011  c_w.l(libinit2.o)
    0x08000162   0x08000162   0x00000000   Code   RO         2345    .ARM.Collect$$libinit$$00000013  c_w.l(libinit2.o)
    0x08000162   0x08000162   0x00000000   Code   RO         2347    .ARM.Collect$$libinit$$00000015  c_w.l(libinit2.o)
    0x08000162   0x08000162   0x00000000   Code   RO         2349    .ARM.Collect$$libinit$$00000017  c_w.l(libinit2.o)
    0x08000162   0x08000162   0x00000000   Code   RO         2351    .ARM.Collect$$libinit$$00000019  c_w.l(libinit2.o)
    0x08000162   0x08000162   0x00000000   Code   RO         2353    .ARM.Collect$$libinit$$0000001B  c_w.l(libinit2.o)
    0x08000162   0x08000162   0x00000000   Code   RO         2355    .ARM.Collect$$libinit$$0000001D  c_w.l(libinit2.o)
    0x08000162   0x08000162   0x00000000   Code   RO         2357    .ARM.Collect$$libinit$$0000001F  c_w.l(libinit2.o)
    0x08000162   0x08000162   0x00000000   Code   RO         2359    .ARM.Collect$$libinit$$00000021  c_w.l(libinit2.o)
    0x08000162   0x08000162   0x00000000   Code   RO         2361    .ARM.Collect$$libinit$$00000023  c_w.l(libinit2.o)
    0x08000162   0x08000162   0x00000000   Code   RO         2363    .ARM.Collect$$libinit$$00000025  c_w.l(libinit2.o)
    0x08000162   0x08000162   0x00000000   Code   RO         2367    .ARM.Collect$$libinit$$0000002C  c_w.l(libinit2.o)
    0x08000162   0x08000162   0x00000000   Code   RO         2369    .ARM.Collect$$libinit$$0000002E  c_w.l(libinit2.o)
    0x08000162   0x08000162   0x00000000   Code   RO         2371    .ARM.Collect$$libinit$$00000030  c_w.l(libinit2.o)
    0x08000162   0x08000162   0x00000000   Code   RO         2373    .ARM.Collect$$libinit$$00000032  c_w.l(libinit2.o)
    0x08000162   0x08000162   0x00000002   Code   RO         2374    .ARM.Collect$$libinit$$00000033  c_w.l(libinit2.o)
    0x08000164   0x08000164   0x00000002   Code   RO         2396    .ARM.Collect$$libshutdown$$00000000  c_w.l(libshutdown.o)
    0x08000166   0x08000166   0x00000000   Code   RO         2411    .ARM.Collect$$libshutdown$$00000002  c_w.l(libshutdown2.o)
    0x08000166   0x08000166   0x00000000   Code   RO         2413    .ARM.Collect$$libshutdown$$00000004  c_w.l(libshutdown2.o)
    0x08000166   0x08000166   0x00000000   Code   RO         2416    .ARM.Collect$$libshutdown$$00000007  c_w.l(libshutdown2.o)
    0x08000166   0x08000166   0x00000000   Code   RO         2419    .ARM.Collect$$libshutdown$$0000000A  c_w.l(libshutdown2.o)
    0x08000166   0x08000166   0x00000000   Code   RO         2421    .ARM.Collect$$libshutdown$$0000000C  c_w.l(libshutdown2.o)
    0x08000166   0x08000166   0x00000000   Code   RO         2424    .ARM.Collect$$libshutdown$$0000000F  c_w.l(libshutdown2.o)
    0x08000166   0x08000166   0x00000002   Code   RO         2425    .ARM.Collect$$libshutdown$$00000010  c_w.l(libshutdown2.o)
    0x08000168   0x08000168   0x00000000   Code   RO         2282    .ARM.Collect$$rtentry$$00000000  c_w.l(__rtentry.o)
    0x08000168   0x08000168   0x00000000   Code   RO         2299    .ARM.Collect$$rtentry$$00000002  c_w.l(__rtentry2.o)
    0x08000168   0x08000168   0x00000006   Code   RO         2311    .ARM.Collect$$rtentry$$00000004  c_w.l(__rtentry4.o)
    0x0800016e   0x0800016e   0x00000000   Code   RO         2301    .ARM.Collect$$rtentry$$00000009  c_w.l(__rtentry2.o)
    0x0800016e   0x0800016e   0x00000004   Code   RO         2302    .ARM.Collect$$rtentry$$0000000A  c_w.l(__rtentry2.o)
    0x08000172   0x08000172   0x00000000   Code   RO         2304    .ARM.Collect$$rtentry$$0000000C  c_w.l(__rtentry2.o)
    0x08000172   0x08000172   0x00000008   Code   RO         2305    .ARM.Collect$$rtentry$$0000000D  c_w.l(__rtentry2.o)
    0x0800017a   0x0800017a   0x00000002   Code   RO         2328    .ARM.Collect$$rtexit$$00000000  c_w.l(rtexit.o)
    0x0800017c   0x0800017c   0x00000000   Code   RO         2376    .ARM.Collect$$rtexit$$00000002  c_w.l(rtexit2.o)
    0x0800017c   0x0800017c   0x00000004   Code   RO         2377    .ARM.Collect$$rtexit$$00000003  c_w.l(rtexit2.o)
    0x08000180   0x08000180   0x00000006   Code   RO         2378    .ARM.Collect$$rtexit$$00000004  c_w.l(rtexit2.o)
    0x08000186   0x08000186   0x00000002   PAD
    0x08000188   0x08000188   0x00000040   Code   RO            4    .text               startup_stm32f103xb.o
    0x080001c8   0x080001c8   0x00000044   Code   RO         2240    .text               c_w.l(rt_memclr.o)
    0x0800020c   0x0800020c   0x0000004e   Code   RO         2242    .text               c_w.l(rt_memclr_w.o)
    0x0800025a   0x0800025a   0x00000006   Code   RO         2244    .text               c_w.l(heapauxi.o)
    0x08000260   0x08000260   0x0000004a   Code   RO         2315    .text               c_w.l(sys_stackheap_outer.o)
    0x080002aa   0x080002aa   0x00000012   Code   RO         2317    .text               c_w.l(exit.o)
    0x080002bc   0x080002bc   0x00000008   Code   RO         2325    .text               c_w.l(libspace.o)
    0x080002c4   0x080002c4   0x0000000c   Code   RO         2386    .text               c_w.l(sys_exit.o)
    0x080002d0   0x080002d0   0x00000002   Code   RO         2401    .text               c_w.l(use_no_semi.o)
    0x080002d2   0x080002d2   0x00000000   Code   RO         2403    .text               c_w.l(indicate_semi.o)
    0x080002d2   0x080002d2   0x00000002   PAD
    0x080002d4   0x080002d4   0x00000088   Code   RO          163    .text.ADC_ConversionStop_Disable  stm32f1xx_hal_adc.o
    0x0800035c   0x0800035c   0x00000080   Code   RO          185    .text.ADC_DMAConvCplt  stm32f1xx_hal_adc.o
    0x080003dc   0x080003dc   0x0000002a   Code   RO          189    .text.ADC_DMAError  stm32f1xx_hal_adc.o
    0x08000406   0x08000406   0x00000002   PAD
    0x08000408   0x08000408   0x00000016   Code   RO          187    .text.ADC_DMAHalfConvCplt  stm32f1xx_hal_adc.o
    0x0800041e   0x0800041e   0x00000002   PAD
    0x08000420   0x08000420   0x000000c2   Code   RO          171    .text.ADC_Enable    stm32f1xx_hal_adc.o
    0x080004e2   0x080004e2   0x00000002   PAD
    0x080004e4   0x080004e4   0x00000050   Code   RO         1278    .text.ADC_Init      bsp_adc.o
    0x08000534   0x08000534   0x000000b2   Code   RO         1263    .text.AS5600_Get_Angle  as5600.o
    0x080005e6   0x080005e6   0x00000002   PAD
    0x080005e8   0x080005e8   0x0000002a   Code   RO         1261    .text.AS5600_Get_RAWData  as5600.o
    0x08000612   0x08000612   0x00000002   PAD
    0x08000614   0x08000614   0x0000003a   Code   RO         1229    .text.Angle_Normalize  useful_math_lib.o
    0x0800064e   0x0800064e   0x00000002   PAD
    0x08000650   0x08000650   0x00000004   Code   RO          115    .text.BusFault_Handler  stm32f1xx_it.o
    0x08000654   0x08000654   0x00000010   Code   RO          127    .text.CAN1_RX1_IRQHandler  stm32f1xx_it.o
    0x08000664   0x08000664   0x00000032   Code   RO         1342    .text.Clark_Transformation  foc_ctrl.o
    0x08000696   0x08000696   0x00000002   PAD
    0x08000698   0x08000698   0x000000cc   Code   RO         1330    .text.Current_init  foc_ctrl.o
    0x08000764   0x08000764   0x000000ae   Code   RO         1282    .text.DMA1_Channel1_IRQHandler  bsp_adc.o
    0x08000812   0x08000812   0x00000002   PAD
    0x08000814   0x08000814   0x00000104   Code   RO         1265    .text.DMA1_Channel7_IRQHandler  as5600.o
    0x08000918   0x08000918   0x00000052   Code   RO          396    .text.DMA_SetConfig  stm32f1xx_hal_dma.o
    0x0800096a   0x0800096a   0x00000002   PAD
    0x0800096c   0x0800096c   0x00000002   Code   RO          121    .text.DebugMon_Handler  stm32f1xx_it.o
    0x0800096e   0x0800096e   0x00000002   PAD
    0x08000970   0x08000970   0x00000010   Code   RO         1334    .text.Driver_Enable  foc_ctrl.o
    0x08000980   0x08000980   0x0000000e   Code   RO           15    .text.Error_Handler  main.o
    0x0800098e   0x0800098e   0x00000002   PAD
    0x08000990   0x08000990   0x00000078   Code   RO         1338    .text.FOC_Ctrl      foc_ctrl.o
    0x08000a08   0x08000a08   0x000000a0   Code   RO         1332    .text.FOC_Init      foc_ctrl.o
    0x08000aa8   0x08000aa8   0x00000386   Code   RO         1348    .text.FOC_PID       foc_ctrl.o
    0x08000e2e   0x08000e2e   0x00000002   PAD
    0x08000e30   0x08000e30   0x000000e6   Code   RO         1280    .text.Get_ADC_Value  bsp_adc.o
    0x08000f16   0x08000f16   0x00000002   PAD
    0x08000f18   0x08000f18   0x00000078   Code   RO         1340    .text.Get_Current   foc_ctrl.o
    0x08000f90   0x08000f90   0x0000003e   Code   RO         1344    .text.Get_Current_Angle  foc_ctrl.o
    0x08000fce   0x08000fce   0x00000002   PAD
    0x08000fd0   0x08000fd0   0x0000018a   Code   RO          220    .text.HAL_ADCEx_Calibration_Start  stm32f1xx_hal_adc_ex.o
    0x0800115a   0x0800115a   0x00000002   PAD
    0x0800115c   0x0800115c   0x000000b6   Code   RO          244    .text.HAL_ADCEx_MultiModeConfigChannel  stm32f1xx_hal_adc_ex.o
    0x08001212   0x08001212   0x00000002   PAD
    0x08001214   0x08001214   0x00000184   Code   RO          232    .text.HAL_ADCEx_MultiModeStart_DMA  stm32f1xx_hal_adc_ex.o
    0x08001398   0x08001398   0x000001bc   Code   RO          205    .text.HAL_ADC_ConfigChannel  stm32f1xx_hal_adc.o
    0x08001554   0x08001554   0x00000008   Code   RO          197    .text.HAL_ADC_ConvCpltCallback  stm32f1xx_hal_adc.o
    0x0800155c   0x0800155c   0x00000008   Code   RO          201    .text.HAL_ADC_ConvHalfCpltCallback  stm32f1xx_hal_adc.o
    0x08001564   0x08001564   0x00000008   Code   RO          203    .text.HAL_ADC_ErrorCallback  stm32f1xx_hal_adc.o
    0x0800156c   0x0800156c   0x0000021c   Code   RO          159    .text.HAL_ADC_Init  stm32f1xx_hal_adc.o
    0x08001788   0x08001788   0x00000136   Code   RO           39    .text.HAL_ADC_MspInit  adc.o
    0x080018be   0x080018be   0x00000002   PAD
    0x080018c0   0x080018c0   0x00000008   Code   RO          695    .text.HAL_CAN_ErrorCallback  stm32f1xx_hal_can.o
    0x080018c8   0x080018c8   0x000001fa   Code   RO          661    .text.HAL_CAN_GetRxMessage  stm32f1xx_hal_can.o
    0x08001ac2   0x08001ac2   0x00000002   PAD
    0x08001ac4   0x08001ac4   0x00000404   Code   RO          669    .text.HAL_CAN_IRQHandler  stm32f1xx_hal_can.o
    0x08001ec8   0x08001ec8   0x000001e4   Code   RO          631    .text.HAL_CAN_Init  stm32f1xx_hal_can.o
    0x080020ac   0x080020ac   0x000000b0   Code   RO           55    .text.HAL_CAN_MspInit  can.o
    0x0800215c   0x0800215c   0x00000008   Code   RO          683    .text.HAL_CAN_RxFifo0FullCallback  stm32f1xx_hal_can.o
    0x08002164   0x08002164   0x00000008   Code   RO          685    .text.HAL_CAN_RxFifo0MsgPendingCallback  stm32f1xx_hal_can.o
    0x0800216c   0x0800216c   0x00000008   Code   RO          687    .text.HAL_CAN_RxFifo1FullCallback  stm32f1xx_hal_can.o
    0x08002174   0x08002174   0x00000018   Code   RO         1301    .text.HAL_CAN_RxFifo1MsgPendingCallback  bsp_can.o
    0x0800218c   0x0800218c   0x00000008   Code   RO          691    .text.HAL_CAN_SleepCallback  stm32f1xx_hal_can.o
    0x08002194   0x08002194   0x00000008   Code   RO          673    .text.HAL_CAN_TxMailbox0AbortCallback  stm32f1xx_hal_can.o
    0x0800219c   0x0800219c   0x00000008   Code   RO          671    .text.HAL_CAN_TxMailbox0CompleteCallback  stm32f1xx_hal_can.o
    0x080021a4   0x080021a4   0x00000008   Code   RO          677    .text.HAL_CAN_TxMailbox1AbortCallback  stm32f1xx_hal_can.o
    0x080021ac   0x080021ac   0x00000008   Code   RO          675    .text.HAL_CAN_TxMailbox1CompleteCallback  stm32f1xx_hal_can.o
    0x080021b4   0x080021b4   0x00000008   Code   RO          681    .text.HAL_CAN_TxMailbox2AbortCallback  stm32f1xx_hal_can.o
    0x080021bc   0x080021bc   0x00000008   Code   RO          679    .text.HAL_CAN_TxMailbox2CompleteCallback  stm32f1xx_hal_can.o
    0x080021c4   0x080021c4   0x00000008   Code   RO          693    .text.HAL_CAN_WakeUpFromRxMsgCallback  stm32f1xx_hal_can.o
    0x080021cc   0x080021cc   0x0000011e   Code   RO          402    .text.HAL_DMA_Abort_IT  stm32f1xx_hal_dma.o
    0x080022ea   0x080022ea   0x00000002   PAD
    0x080022ec   0x080022ec   0x0000000e   Code   RO          412    .text.HAL_DMA_GetState  stm32f1xx_hal_dma.o
    0x080022fa   0x080022fa   0x00000002   PAD
    0x080022fc   0x080022fc   0x000000b6   Code   RO          390    .text.HAL_DMA_Init  stm32f1xx_hal_dma.o
    0x080023b2   0x080023b2   0x00000002   PAD
    0x080023b4   0x080023b4   0x000000cc   Code   RO          398    .text.HAL_DMA_Start_IT  stm32f1xx_hal_dma.o
    0x08002480   0x08002480   0x00000044   Code   RO          273    .text.HAL_Delay     stm32f1xx_hal.o
    0x080024c4   0x080024c4   0x0000032e   Code   RO          367    .text.HAL_GPIO_Init  stm32f1xx_hal_gpio.o
    0x080027f2   0x080027f2   0x00000002   PAD
    0x080027f4   0x080027f4   0x00000034   Code   RO          373    .text.HAL_GPIO_WritePin  stm32f1xx_hal_gpio.o
    0x08002828   0x08002828   0x0000000c   Code   RO          265    .text.HAL_GetTick   stm32f1xx_hal.o
    0x08002834   0x08002834   0x00000008   Code   RO          858    .text.HAL_I2C_AbortCpltCallback  stm32f1xx_hal_i2c.o
    0x0800283c   0x0800283c   0x00000014   Code   RO          848    .text.HAL_I2C_AddrCallback  stm32f1xx_hal_i2c.o
    0x08002850   0x08002850   0x000003d4   Code   RO          804    .text.HAL_I2C_EV_IRQHandler  stm32f1xx_hal_i2c.o
    0x08002c24   0x08002c24   0x00000008   Code   RO          856    .text.HAL_I2C_ErrorCallback  stm32f1xx_hal_i2c.o
    0x08002c2c   0x08002c2c   0x000002ba   Code   RO          710    .text.HAL_I2C_Init  stm32f1xx_hal_i2c.o
    0x08002ee6   0x08002ee6   0x00000002   PAD
    0x08002ee8   0x08002ee8   0x00000008   Code   RO          850    .text.HAL_I2C_ListenCpltCallback  stm32f1xx_hal_i2c.o
    0x08002ef0   0x08002ef0   0x00000008   Code   RO          842    .text.HAL_I2C_MasterRxCpltCallback  stm32f1xx_hal_i2c.o
    0x08002ef8   0x08002ef8   0x00000008   Code   RO          840    .text.HAL_I2C_MasterTxCpltCallback  stm32f1xx_hal_i2c.o
    0x08002f00   0x08002f00   0x00000008   Code   RO          854    .text.HAL_I2C_MemRxCpltCallback  stm32f1xx_hal_i2c.o
    0x08002f08   0x08002f08   0x00000008   Code   RO          852    .text.HAL_I2C_MemTxCpltCallback  stm32f1xx_hal_i2c.o
    0x08002f10   0x08002f10   0x00000360   Code   RO          774    .text.HAL_I2C_Mem_Read_DMA  stm32f1xx_hal_i2c.o
    0x08003270   0x08003270   0x000000d8   Code   RO           77    .text.HAL_I2C_MspInit  i2c.o
    0x08003348   0x08003348   0x00000008   Code   RO          846    .text.HAL_I2C_SlaveRxCpltCallback  stm32f1xx_hal_i2c.o
    0x08003350   0x08003350   0x00000008   Code   RO          844    .text.HAL_I2C_SlaveTxCpltCallback  stm32f1xx_hal_i2c.o
    0x08003358   0x08003358   0x0000001a   Code   RO          263    .text.HAL_IncTick   stm32f1xx_hal.o
    0x08003372   0x08003372   0x00000002   PAD
    0x08003374   0x08003374   0x0000002c   Code   RO          253    .text.HAL_Init      stm32f1xx_hal.o
    0x080033a0   0x080033a0   0x00000072   Code   RO          255    .text.HAL_InitTick  stm32f1xx_hal.o
    0x08003412   0x08003412   0x00000002   PAD
    0x08003414   0x08003414   0x00000064   Code   RO          138    .text.HAL_MspInit   stm32f1xx_hal_msp.o
    0x08003478   0x08003478   0x00000018   Code   RO          435    .text.HAL_NVIC_EnableIRQ  stm32f1xx_hal_cortex.o
    0x08003490   0x08003490   0x00000040   Code   RO          427    .text.HAL_NVIC_SetPriority  stm32f1xx_hal_cortex.o
    0x080034d0   0x080034d0   0x00000010   Code   RO          423    .text.HAL_NVIC_SetPriorityGrouping  stm32f1xx_hal_cortex.o
    0x080034e0   0x080034e0   0x000001c4   Code   RO          356    .text.HAL_RCCEx_GetPeriphCLKFreq  stm32f1xx_hal_rcc_ex.o
    0x080036a4   0x080036a4   0x000001cc   Code   RO          352    .text.HAL_RCCEx_PeriphCLKConfig  stm32f1xx_hal_rcc_ex.o
    0x08003870   0x08003870   0x00000258   Code   RO          319    .text.HAL_RCC_ClockConfig  stm32f1xx_hal_rcc.o
    0x08003ac8   0x08003ac8   0x0000000c   Code   RO          329    .text.HAL_RCC_GetHCLKFreq  stm32f1xx_hal_rcc.o
    0x08003ad4   0x08003ad4   0x00000022   Code   RO          331    .text.HAL_RCC_GetPCLK1Freq  stm32f1xx_hal_rcc.o
    0x08003af6   0x08003af6   0x00000002   PAD
    0x08003af8   0x08003af8   0x00000022   Code   RO          333    .text.HAL_RCC_GetPCLK2Freq  stm32f1xx_hal_rcc.o
    0x08003b1a   0x08003b1a   0x00000002   PAD
    0x08003b1c   0x08003b1c   0x000000e8   Code   RO          321    .text.HAL_RCC_GetSysClockFreq  stm32f1xx_hal_rcc.o
    0x08003c04   0x08003c04   0x0000068a   Code   RO          315    .text.HAL_RCC_OscConfig  stm32f1xx_hal_rcc.o
    0x0800428e   0x0800428e   0x00000002   PAD
    0x08004290   0x08004290   0x00000010   Code   RO          447    .text.HAL_SYSTICK_Config  stm32f1xx_hal_cortex.o
    0x080042a0   0x080042a0   0x00000008   Code   RO         1202    .text.HAL_TIMEx_BreakCallback  stm32f1xx_hal_tim_ex.o
    0x080042a8   0x080042a8   0x00000008   Code   RO         1198    .text.HAL_TIMEx_CommutCallback  stm32f1xx_hal_tim_ex.o
    0x080042b0   0x080042b0   0x000000b2   Code   RO         1194    .text.HAL_TIMEx_ConfigBreakDeadTime  stm32f1xx_hal_tim_ex.o
    0x08004362   0x08004362   0x00000002   PAD
    0x08004364   0x08004364   0x000000dc   Code   RO         1192    .text.HAL_TIMEx_MasterConfigSynchronization  stm32f1xx_hal_tim_ex.o
    0x08004440   0x08004440   0x000000a6   Code   RO          879    .text.HAL_TIM_Base_Init  stm32f1xx_hal_tim.o
    0x080044e6   0x080044e6   0x00000002   PAD
    0x080044e8   0x080044e8   0x00000098   Code   RO           96    .text.HAL_TIM_Base_MspInit  tim.o
    0x08004580   0x08004580   0x000000b0   Code   RO          893    .text.HAL_TIM_Base_Start_IT  stm32f1xx_hal_tim.o
    0x08004630   0x08004630   0x00000196   Code   RO         1071    .text.HAL_TIM_ConfigClockSource  stm32f1xx_hal_tim.o
    0x080047c6   0x080047c6   0x00000002   PAD
    0x080047c8   0x080047c8   0x00000008   Code   RO         1015    .text.HAL_TIM_IC_CaptureCallback  stm32f1xx_hal_tim.o
    0x080047d0   0x080047d0   0x00000282   Code   RO         1013    .text.HAL_TIM_IRQHandler  stm32f1xx_hal_tim.o
    0x08004a52   0x08004a52   0x00000002   PAD
    0x08004a54   0x08004a54   0x00000060   Code   RO           92    .text.HAL_TIM_MspPostInit  tim.o
    0x08004ab4   0x08004ab4   0x00000008   Code   RO         1017    .text.HAL_TIM_OC_DelayElapsedCallback  stm32f1xx_hal_tim.o
    0x08004abc   0x08004abc   0x00000134   Code   RO         1045    .text.HAL_TIM_PWM_ConfigChannel  stm32f1xx_hal_tim.o
    0x08004bf0   0x08004bf0   0x000000a6   Code   RO          933    .text.HAL_TIM_PWM_Init  stm32f1xx_hal_tim.o
    0x08004c96   0x08004c96   0x00000002   PAD
    0x08004c98   0x08004c98   0x00000008   Code   RO          935    .text.HAL_TIM_PWM_MspInit  stm32f1xx_hal_tim.o
    0x08004ca0   0x08004ca0   0x00000008   Code   RO         1019    .text.HAL_TIM_PWM_PulseFinishedCallback  stm32f1xx_hal_tim.o
    0x08004ca8   0x08004ca8   0x00000164   Code   RO          941    .text.HAL_TIM_PWM_Start  stm32f1xx_hal_tim.o
    0x08004e0c   0x08004e0c   0x00000008   Code   RO         1021    .text.HAL_TIM_PeriodElapsedCallback  stm32f1xx_hal_tim.o
    0x08004e14   0x08004e14   0x00000008   Code   RO         1023    .text.HAL_TIM_TriggerCallback  stm32f1xx_hal_tim.o
    0x08004e1c   0x08004e1c   0x00000004   Code   RO          111    .text.HardFault_Handler  stm32f1xx_it.o
    0x08004e20   0x08004e20   0x00000010   Code   RO          129    .text.I2C1_EV_IRQHandler  stm32f1xx_it.o
    0x08004e30   0x08004e30   0x00000034   Code   RO          806    .text.I2C_ConvertOtherXferOptions  stm32f1xx_hal_i2c.o
    0x08004e64   0x08004e64   0x00000160   Code   RO          790    .text.I2C_DMAAbort  stm32f1xx_hal_i2c.o
    0x08004fc4   0x08004fc4   0x00000068   Code   RO          752    .text.I2C_DMAError  stm32f1xx_hal_i2c.o
    0x0800502c   0x0800502c   0x000001c0   Code   RO          750    .text.I2C_DMAXferCplt  stm32f1xx_hal_i2c.o
    0x080051ec   0x080051ec   0x00000280   Code   RO          802    .text.I2C_ITError   stm32f1xx_hal_i2c.o
    0x0800546c   0x0800546c   0x00000064   Code   RO          870    .text.I2C_IsAcknowledgeFailed  stm32f1xx_hal_i2c.o
    0x080054d0   0x080054d0   0x0000019e   Code   RO          822    .text.I2C_MasterReceive_BTF  stm32f1xx_hal_i2c.o
    0x0800566e   0x0800566e   0x00000002   PAD
    0x08005670   0x08005670   0x0000013e   Code   RO          820    .text.I2C_MasterReceive_RXNE  stm32f1xx_hal_i2c.o
    0x080057ae   0x080057ae   0x00000002   PAD
    0x080057b0   0x080057b0   0x000000e0   Code   RO          816    .text.I2C_MasterTransmit_BTF  stm32f1xx_hal_i2c.o
    0x08005890   0x08005890   0x00000140   Code   RO          814    .text.I2C_MasterTransmit_TXE  stm32f1xx_hal_i2c.o
    0x080059d0   0x080059d0   0x0000004e   Code   RO          810    .text.I2C_Master_ADD10  stm32f1xx_hal_i2c.o
    0x08005a1e   0x08005a1e   0x00000002   PAD
    0x08005a20   0x08005a20   0x0000035e   Code   RO          812    .text.I2C_Master_ADDR  stm32f1xx_hal_i2c.o
    0x08005d7e   0x08005d7e   0x00000002   PAD
    0x08005d80   0x08005d80   0x000000fc   Code   RO          808    .text.I2C_Master_SB  stm32f1xx_hal_i2c.o
    0x08005e7c   0x08005e7c   0x00000128   Code   RO          818    .text.I2C_MemoryTransmit_TXE_BTF  stm32f1xx_hal_i2c.o
    0x08005fa4   0x08005fa4   0x00000204   Code   RO          766    .text.I2C_RequestMemoryRead  stm32f1xx_hal_i2c.o
    0x080061a8   0x080061a8   0x00000030   Code   RO          834    .text.I2C_SlaveReceive_BTF  stm32f1xx_hal_i2c.o
    0x080061d8   0x080061d8   0x00000072   Code   RO          832    .text.I2C_SlaveReceive_RXNE  stm32f1xx_hal_i2c.o
    0x0800624a   0x0800624a   0x00000002   PAD
    0x0800624c   0x0800624c   0x0000002e   Code   RO          830    .text.I2C_SlaveTransmit_BTF  stm32f1xx_hal_i2c.o
    0x0800627a   0x0800627a   0x00000002   PAD
    0x0800627c   0x0800627c   0x00000070   Code   RO          828    .text.I2C_SlaveTransmit_TXE  stm32f1xx_hal_i2c.o
    0x080062ec   0x080062ec   0x000000ae   Code   RO          824    .text.I2C_Slave_ADDR  stm32f1xx_hal_i2c.o
    0x0800639a   0x0800639a   0x00000002   PAD
    0x0800639c   0x0800639c   0x00000258   Code   RO          826    .text.I2C_Slave_STOPF  stm32f1xx_hal_i2c.o
    0x080065f4   0x080065f4   0x000000c4   Code   RO          720    .text.I2C_WaitOnFlagUntilTimeout  stm32f1xx_hal_i2c.o
    0x080066b8   0x080066b8   0x00000114   Code   RO          868    .text.I2C_WaitOnMasterAddressFlagUntilTimeout  stm32f1xx_hal_i2c.o
    0x080067cc   0x080067cc   0x0000007a   Code   RO          866    .text.I2C_WaitOnSTOPRequestThroughIT  stm32f1xx_hal_i2c.o
    0x08006846   0x08006846   0x00000002   PAD
    0x08006848   0x08006848   0x0000009a   Code   RO          724    .text.I2C_WaitOnTXEFlagUntilTimeout  stm32f1xx_hal_i2c.o
    0x080068e2   0x080068e2   0x00000002   PAD
    0x080068e4   0x080068e4   0x00000076   Code   RO         1315    .text.Init_Lighting  bsp_led.o
    0x0800695a   0x0800695a   0x00000002   PAD
    0x0800695c   0x0800695c   0x000000d8   Code   RO         1319    .text.LED_Work_State  bsp_led.o
    0x08006a34   0x08006a34   0x000000fc   Code   RO         1397    .text.LPF           lpf.o
    0x08006b30   0x08006b30   0x0000005e   Code   RO         1395    .text.LPF_Init      lpf.o
    0x08006b8e   0x08006b8e   0x00000002   PAD
    0x08006b90   0x08006b90   0x0000008e   Code   RO           35    .text.MX_ADC1_Init  adc.o
    0x08006c1e   0x08006c1e   0x00000002   PAD
    0x08006c20   0x08006c20   0x0000006c   Code   RO           37    .text.MX_ADC2_Init  adc.o
    0x08006c8c   0x08006c8c   0x00000044   Code   RO           53    .text.MX_CAN_Init   can.o
    0x08006cd0   0x08006cd0   0x0000004c   Code   RO           67    .text.MX_DMA_Init   dma.o
    0x08006d1c   0x08006d1c   0x0000009c   Code   RO           27    .text.MX_GPIO_Init  gpio.o
    0x08006db8   0x08006db8   0x00000044   Code   RO           75    .text.MX_I2C1_Init  i2c.o
    0x08006dfc   0x08006dfc   0x00000168   Code   RO           90    .text.MX_TIM1_Init  tim.o
    0x08006f64   0x08006f64   0x00000088   Code   RO           94    .text.MX_TIM3_Init  tim.o
    0x08006fec   0x08006fec   0x00000004   Code   RO          113    .text.MemManage_Handler  stm32f1xx_it.o
    0x08006ff0   0x08006ff0   0x00000004   Code   RO          109    .text.NMI_Handler   stm32f1xx_it.o
    0x08006ff4   0x08006ff4   0x0000006e   Code   RO          433    .text.NVIC_EncodePriority  stm32f1xx_hal_cortex.o
    0x08007062   0x08007062   0x00000002   PAD
    0x08007064   0x08007064   0x00000036   Code   RO         1317    .text.Nomal_Lighting  bsp_led.o
    0x0800709a   0x0800709a   0x00000002   PAD
    0x0800709c   0x0800709c   0x00000082   Code   RO         1336    .text.PID_init      foc_ctrl.o
    0x0800711e   0x0800711e   0x00000002   PAD
    0x08007120   0x08007120   0x00000072   Code   RO         1346    .text.Park_Transformation  foc_ctrl.o
    0x08007192   0x08007192   0x00000002   PAD
    0x08007194   0x08007194   0x00000002   Code   RO          123    .text.PendSV_Handler  stm32f1xx_it.o
    0x08007196   0x08007196   0x00000002   PAD
    0x08007198   0x08007198   0x0000003a   Code   RO          317    .text.RCC_Delay     stm32f1xx_hal_rcc.o
    0x080071d2   0x080071d2   0x00000002   PAD
    0x080071d4   0x080071d4   0x00000002   Code   RO          119    .text.SVC_Handler   stm32f1xx_it.o
    0x080071d6   0x080071d6   0x00000002   PAD
    0x080071d8   0x080071d8   0x000003ca   Code   RO         1350    .text.SVPWM         foc_ctrl.o
    0x080075a2   0x080075a2   0x00000002   PAD
    0x080075a4   0x080075a4   0x00000052   Code   RO          449    .text.SysTick_Config  stm32f1xx_hal_cortex.o
    0x080075f6   0x080075f6   0x00000002   PAD
    0x080075f8   0x080075f8   0x00000008   Code   RO          125    .text.SysTick_Handler  stm32f1xx_it.o
    0x08007600   0x08007600   0x0000009a   Code   RO           13    .text.SystemClock_Config  main.o
    0x0800769a   0x0800769a   0x00000002   PAD
    0x0800769c   0x0800769c   0x00000002   Code   RO         1215    .text.SystemInit    system_stm32f1xx.o
    0x0800769e   0x0800769e   0x00000002   PAD
    0x080076a0   0x080076a0   0x00000074   Code   RO         1381    .text.TIM1_UP_IRQHandler  tim_it_server.o
    0x08007714   0x08007714   0x00000076   Code   RO         1383    .text.TIM3_IRQHandler  tim_it_server.o
    0x0800778a   0x0800778a   0x00000002   PAD
    0x0800778c   0x0800778c   0x000000f0   Code   RO          883    .text.TIM_Base_SetConfig  stm32f1xx_hal_tim.o
    0x0800787c   0x0800787c   0x00000038   Code   RO          917    .text.TIM_CCxChannelCmd  stm32f1xx_hal_tim.o
    0x080078b4   0x080078b4   0x00000034   Code   RO         1069    .text.TIM_ETR_SetConfig  stm32f1xx_hal_tim.o
    0x080078e8   0x080078e8   0x0000002a   Code   RO         1075    .text.TIM_ITRx_SetConfig  stm32f1xx_hal_tim.o
    0x08007912   0x08007912   0x00000002   PAD
    0x08007914   0x08007914   0x0000002a   Code   RO         1379    .text.TIM_Init      tim_it_server.o
    0x0800793e   0x0800793e   0x00000002   PAD
    0x08007940   0x08007940   0x000000ce   Code   RO         1027    .text.TIM_OC1_SetConfig  stm32f1xx_hal_tim.o
    0x08007a0e   0x08007a0e   0x00000002   PAD
    0x08007a10   0x08007a10   0x000000d8   Code   RO         1029    .text.TIM_OC2_SetConfig  stm32f1xx_hal_tim.o
    0x08007ae8   0x08007ae8   0x000000d6   Code   RO         1031    .text.TIM_OC3_SetConfig  stm32f1xx_hal_tim.o
    0x08007bbe   0x08007bbe   0x00000002   PAD
    0x08007bc0   0x08007bc0   0x00000096   Code   RO         1033    .text.TIM_OC4_SetConfig  stm32f1xx_hal_tim.o
    0x08007c56   0x08007c56   0x00000002   PAD
    0x08007c58   0x08007c58   0x00000050   Code   RO         1073    .text.TIM_TI1_ConfigInputStage  stm32f1xx_hal_tim.o
    0x08007ca8   0x08007ca8   0x00000052   Code   RO         1077    .text.TIM_TI2_ConfigInputStage  stm32f1xx_hal_tim.o
    0x08007cfa   0x08007cfa   0x00000002   PAD
    0x08007cfc   0x08007cfc   0x00000004   Code   RO          117    .text.UsageFault_Handler  stm32f1xx_it.o
    0x08007d00   0x08007d00   0x00000034   Code   RO          437    .text.__NVIC_EnableIRQ  stm32f1xx_hal_cortex.o
    0x08007d34   0x08007d34   0x00000010   Code   RO          429    .text.__NVIC_GetPriorityGrouping  stm32f1xx_hal_cortex.o
    0x08007d44   0x08007d44   0x00000044   Code   RO          431    .text.__NVIC_SetPriority  stm32f1xx_hal_cortex.o
    0x08007d88   0x08007d88   0x0000003c   Code   RO          425    .text.__NVIC_SetPriorityGrouping  stm32f1xx_hal_cortex.o
    0x08007dc4   0x08007dc4   0x0000004a   Code   RO           11    .text.main          main.o
    0x08007e0e   0x08007e0e   0x00000002   PAD
    0x08007e10   0x08007e10   0x000000d0   Code   RO         1433    _IQ24atan2PU        IQmathLib-cm3.lib(IQNatan2PU.o)
    0x08007ee0   0x08007ee0   0x00000080   Code   RO         1523    _IQ24cosPU          IQmathLib-cm3.lib(IQNcosPU.o)
    0x08007f60   0x08007f60   0x00000090   Code   RO         1613    _IQ24div            IQmathLib-cm3.lib(IQNdiv.o)
    0x08007ff0   0x08007ff0   0x00000088   Code   RO         1703    _IQ24mag            IQmathLib-cm3.lib(IQNmag.o)
    0x08008078   0x08008078   0x00000010   Code   RO         1793    _IQ24mpy            IQmathLib-cm3.lib(IQNmpy.o)
    0x08008088   0x08008088   0x0000001c   Code   RO         1883    _IQ24mpyI32int      IQmathLib-cm3.lib(IQNmpyI32int.o)
    0x080080a4   0x080080a4   0x0000007c   Code   RO         1973    _IQ24sinPU          IQmathLib-cm3.lib(IQNsinPU.o)
    0x08008120   0x08008120   0x0000006c   Code   RO         2063    _IQ24sqrt           IQmathLib-cm3.lib(IQNsqrt.o)
    0x0800818c   0x0800818c   0x00000024   Code   RO         2153    _IQ24toF            IQmathLib-cm3.lib(IQNtoF.o)
    0x080081b0   0x080081b0   0x00000c00   Code   RO         2222    atan2PU_table       IQmathLib-cm3.lib(IQtables.o)
    0x08008db0   0x08008db0   0x00000800   Code   RO         2223    div_table           IQmathLib-cm3.lib(IQtables.o)
    0x080095b0   0x080095b0   0x00000800   Code   RO         2224    isqrt_table         IQmathLib-cm3.lib(IQtables.o)
    0x08009db0   0x08009db0   0x00000804   Code   RO         2225    sincos_table        IQmathLib-cm3.lib(IQtables.o)
    0x0800a5b4   0x0800a5b4   0x00000018   Code   RO         2313    x$fpl$dcmpinf       fz_ws.l(dcmpi.o)
    0x0800a5cc   0x0800a5cc   0x00000078   Code   RO         2283    x$fpl$deqf          fz_ws.l(deqf.o)
    0x0800a644   0x0800a644   0x0000002e   Code   RO         2253    x$fpl$dflt          fz_ws.l(dflt_clz.o)
    0x0800a672   0x0800a672   0x00000002   PAD
    0x0800a674   0x0800a674   0x00000078   Code   RO         2285    x$fpl$dgeqf         fz_ws.l(dgeqf.o)
    0x0800a6ec   0x0800a6ec   0x00000078   Code   RO         2287    x$fpl$dleqf         fz_ws.l(dleqf.o)
    0x0800a764   0x0800a764   0x0000009c   Code   RO         2289    x$fpl$dnaninf       fz_ws.l(dnaninf.o)
    0x0800a800   0x0800a800   0x00000054   Code   RO         2250    x$fpl$fcmp          fz_ws.l(dcmp.o)
    0x0800a854   0x0800a854   0x00000184   Code   RO         2267    x$fpl$fdiv          fz_ws.l(fdiv.o)
    0x0800a9d8   0x0800a9d8   0x00000036   Code   RO         2270    x$fpl$ffix          fz_ws.l(ffix.o)
    0x0800aa0e   0x0800aa0e   0x00000002   PAD
    0x0800aa10   0x0800aa10   0x00000026   Code   RO         2274    x$fpl$ffltu         fz_ws.l(fflt_clz.o)
    0x0800aa36   0x0800aa36   0x00000002   PAD
    0x0800aa38   0x0800aa38   0x00000102   Code   RO         2280    x$fpl$fmul          fz_ws.l(fmul.o)
    0x0800ab3a   0x0800ab3a   0x0000008c   Code   RO         2293    x$fpl$fnaninf       fz_ws.l(fnaninf.o)
    0x0800abc6   0x0800abc6   0x0000000a   Code   RO         2295    x$fpl$fretinf       fz_ws.l(fretinf.o)
    0x0800abd0   0x0800abd0   0x00000000   Code   RO         2297    x$fpl$usenofp       fz_ws.l(usenofp.o)
    0x0800abd0   0x0800abd0   0x00000010   Data   RO         1220    .rodata.AHBPrescTable  system_stm32f1xx.o
    0x0800abe0   0x0800abe0   0x00000008   Data   RO         1221    .rodata.APBPrescTable  system_stm32f1xx.o
    0x0800abe8   0x0800abe8   0x00000020   Data   RO         2459    Region$$Table       anon$$obj.o


    Execution Region RW_IRAM1 (Exec base: 0x20000000, Load base: 0x0800ac08, Size: 0x000019e0, Max: 0x00005000, ABSOLUTE)

    Exec Addr    Load Addr    Size         Type   Attr      Idx    E Section Name        Object

    0x20000000   0x0800ac08   0x00000004   Data   RW         1362    .data.Level_Gain1   foc_ctrl.o
    0x20000004   0x0800ac0c   0x00000004   Data   RW         1363    .data.Level_Gain2   foc_ctrl.o
    0x20000008   0x0800ac10   0x00000004   Data   RW         1232    .data.Sqrt3         useful_math_lib.o
    0x2000000c   0x0800ac14   0x00000004   Data   RW         1219    .data.SystemCoreClock  system_stm32f1xx.o
    0x20000010   0x0800ac18   0x00000004   Data   RW         1246    .data._002          useful_math_lib.o
    0x20000014   0x0800ac1c   0x00000004   Data   RW         1236    .data._1            useful_math_lib.o
    0x20000018   0x0800ac20   0x00000004   Data   RW         1233    .data._1_Sqrt3      useful_math_lib.o
    0x2000001c   0x0800ac24   0x00000004   Data   RW         1286    .data._3p410        bsp_adc.o
    0x20000020   0x0800ac28   0x00000004   Data   RW         1244    .data._PI_2_PU      useful_math_lib.o
    0x20000024   0x0800ac2c   0x00000004   Data   RW         1238    .data._PI_3_PU      useful_math_lib.o
    0x20000028   0x0800ac30   0x00000001   Data   RW          304    .data.uwTickFreq    stm32f1xx_hal.o
    0x20000029   0x0800ac31   0x00000003   PAD
    0x2000002c   0x0800ac34   0x00000004   Data   RW          303    .data.uwTickPrio    stm32f1xx_hal.o
    0x20000030        -       0x00000060   Zero   RW         2326    .bss                c_w.l(libspace.o)
    0x20000090        -       0x0000003c   Zero   RW         1285    .bss.ADC_DATA       bsp_adc.o
    0x200000cc        -       0x00000004   Zero   RW         1386    .bss.Counter3       tim_it_server.o
    0x200000d0        -       0x00000104   Zero   RW         1356    .bss.FOC            foc_ctrl.o
    0x200001d4        -       0x000007d0   Zero   RW         1354    .bss.Ia             foc_ctrl.o
    0x200009a4        -       0x000007d0   Zero   RW         1355    .bss.Ib             foc_ctrl.o
    0x20001174        -       0x00000004   Zero   RW         1358    .bss.Id_Fbk0        foc_ctrl.o
    0x20001178        -       0x00000004   Zero   RW         1359    .bss.Id_Set0        foc_ctrl.o
    0x2000117c        -       0x00000004   Zero   RW         1360    .bss.Iq_Fbk0        foc_ctrl.o
    0x20001180        -       0x00000004   Zero   RW         1361    .bss.Iq_Set0        foc_ctrl.o
    0x20001184        -       0x0000000c   Zero   RW         1400    .bss.LPF_Current_D  lpf.o
    0x20001190        -       0x0000000c   Zero   RW         1399    .bss.LPF_Current_Q  lpf.o
    0x2000119c        -       0x0000000c   Zero   RW         1402    .bss.LPF_I1         lpf.o
    0x200011a8        -       0x0000000c   Zero   RW         1403    .bss.LPF_I2         lpf.o
    0x200011b4        -       0x0000000c   Zero   RW         1401    .bss.LPF_Velocity   lpf.o
    0x200011c0        -       0x00000004   Zero   RW         1268    .bss.Last_Angle     as5600.o
    0x200011c4        -       0x00000004   Zero   RW         1269    .bss.Last_Time      as5600.o
    0x200011c8        -       0x00000001   Zero   RW         1321    .bss.LedWorkMode    bsp_led.o
    0x200011c9        -       0x00000002   Zero   RW         1267    .bss.Temp_Angle_Data  as5600.o
    0x200011cb   0x0800ac38   0x00000001   PAD
    0x200011cc        -       0x00000004   Zero   RW         1364    .bss.U0             foc_ctrl.o
    0x200011d0        -       0x00000008   Zero   RW         1287    .bss.V              bsp_adc.o
    0x200011d8        -       0x00000004   Zero   RW         1365    .bss.V0             foc_ctrl.o
    0x200011dc        -       0x00000004   Zero   RW         1366    .bss.W0             foc_ctrl.o
    0x200011e0        -       0x00000004   Zero   RW         1270    .bss.angle_1        as5600.o
    0x200011e4        -       0x00000030   Zero   RW           43    .bss.hadc1          adc.o
    0x20001214        -       0x00000030   Zero   RW           44    .bss.hadc2          adc.o
    0x20001244        -       0x00000028   Zero   RW           59    .bss.hcan           can.o
    0x2000126c        -       0x00000044   Zero   RW           45    .bss.hdma_adc1      adc.o
    0x200012b0        -       0x00000044   Zero   RW           82    .bss.hdma_i2c1_rx   i2c.o
    0x200012f4        -       0x00000054   Zero   RW           81    .bss.hi2c1          i2c.o
    0x20001348        -       0x00000048   Zero   RW          100    .bss.htim1          tim.o
    0x20001390        -       0x00000048   Zero   RW          101    .bss.htim3          tim.o
    0x200013d8        -       0x00000004   Zero   RW          305    .bss.uwTick         stm32f1xx_hal.o
    0x200013dc   0x0800ac38   0x00000004   PAD
    0x200013e0        -       0x00000200   Zero   RW            2    HEAP                startup_stm32f103xb.o
    0x200015e0        -       0x00000400   Zero   RW            1    STACK               startup_stm32f103xb.o


==============================================================================

Image component sizes


      Code (inc. data)   RO Data    RW Data    ZI Data      Debug   Object Name

       560          0          0          0        164       4422   adc.o
       480          0          0          0         14       1807   as5600.o
       484          0          0          4         68       1699   bsp_adc.o
        24          0          0          0          0       4018   bsp_can.o
       388          4          0          0          1       1667   bsp_led.o
       244          0          0          0         40       4678   can.o
        76          0          0          0          0       1962   dma.o
      2848          6          0          8       4288       8429   foc_ctrl.o
       156          0          0          0          0       1467   gpio.o
       284          0          0          0        152       5390   i2c.o
       346          0          0          0         60       1252   lpf.o
       242          0          0          0          0       2003   main.o
        64         26        236          0       1536        764   startup_stm32f103xb.o
       264          0          0          5          4       5577   stm32f1xx_hal.o
      1530          0          0          0          0       9305   stm32f1xx_hal_adc.o
       964          0          0          0          0       7376   stm32f1xx_hal_adc_ex.o
      2114          0          0          0          0      11316   stm32f1xx_hal_can.o
       508          0          0          0          0       7522   stm32f1xx_hal_cortex.o
       768          0          0          0          0       6253   stm32f1xx_hal_dma.o
       866          0          0          0          0       4200   stm32f1xx_hal_gpio.o
      9452          0          0          0          0      37171   stm32f1xx_hal_i2c.o
       100          0          0          0          0       1160   stm32f1xx_hal_msp.o
      2644          0          0          0          0       7384   stm32f1xx_hal_rcc.o
       912          0          0          0          0       3069   stm32f1xx_hal_rcc_ex.o
      3606         14          0          0          0      34702   stm32f1xx_hal_tim.o
       414          0          0          0          0      14777   stm32f1xx_hal_tim_ex.o
        66          0          0          0          0       1185   stm32f1xx_it.o
         2          0         24          4          0       1537   system_stm32f1xx.o
       744          0          0          0        144       7041   tim.o
       276          0          0          0          4       1380   tim_it_server.o
        58          0          0         24          0       1237   useful_math_lib.o

    ----------------------------------------------------------------------
     31612         50        292         48       6480     201750   Object Totals
         0          0         32          0          0          0   (incl. Generated)
       128          0          0          3          5          0   (incl. Padding)

    ----------------------------------------------------------------------

      Code (inc. data)   RO Data    RW Data    ZI Data      Debug   Library Member Name

       208          8          0          0          0        280   IQNatan2PU.o
       128         14          0          0          0        236   IQNcosPU.o
       144          2          0          0          0        248   IQNdiv.o
       136          8          0          0          0        240   IQNmag.o
        16          2          0          0          0        188   IQNmpy.o
        28          0          0          0          0        208   IQNmpyI32int.o
       124         14          0          0          0        232   IQNsinPU.o
       108         10          0          0          0        224   IQNsqrt.o
        36          0          0          0          0        204   IQNtoF.o
      9220       9220          0          0          0        608   IQtables.o
         8          0          0          0          0         68   __main.o
         0          0          0          0          0          0   __rtentry.o
        12          0          0          0          0          0   __rtentry2.o
         6          0          0          0          0          0   __rtentry4.o
        52          8          0          0          0          0   __scatter.o
        26          0          0          0          0          0   __scatter_copy.o
        28          0          0          0          0          0   __scatter_zi.o
        18          0          0          0          0         80   exit.o
         6          0          0          0          0        152   heapauxi.o
         0          0          0          0          0          0   indicate_semi.o
         2          0          0          0          0          0   libinit.o
         2          0          0          0          0          0   libinit2.o
         2          0          0          0          0          0   libshutdown.o
         2          0          0          0          0          0   libshutdown2.o
         8          4          0          0         96         68   libspace.o
        68          0          0          0          0         68   rt_memclr.o
        78          0          0          0          0         80   rt_memclr_w.o
         2          0          0          0          0          0   rtexit.o
        10          0          0          0          0          0   rtexit2.o
        12          4          0          0          0         68   sys_exit.o
        74          0          0          0          0         80   sys_stackheap_outer.o
         2          0          0          0          0         68   use_no_semi.o
        84          0          0          0          0        196   dcmp.o
        24          0          0          0          0         68   dcmpi.o
       120          4          0          0          0         92   deqf.o
        46          0          0          0          0         68   dflt_clz.o
       120          4          0          0          0         92   dgeqf.o
       120          4          0          0          0         92   dleqf.o
       156          4          0          0          0         92   dnaninf.o
       388         76          0          0          0         96   fdiv.o
        54          4          0          0          0         84   ffix.o
        38          0          0          0          0         68   fflt_clz.o
       258          4          0          0          0         84   fmul.o
       140          4          0          0          0         84   fnaninf.o
        10          0          0          0          0         68   fretinf.o
         0          0          0          0          0          0   usenofp.o

    ----------------------------------------------------------------------
     12136       9398          0          0         96       4584   Library Totals
        12          0          0          0          0          0   (incl. Padding)

    ----------------------------------------------------------------------

      Code (inc. data)   RO Data    RW Data    ZI Data      Debug   Library Name

     10148       9278          0          0          0       2668   IQmathLib-cm3.lib
       418         16          0          0         96        732   c_w.l
      1558        104          0          0          0       1184   fz_ws.l

    ----------------------------------------------------------------------
     12136       9398          0          0         96       4584   Library Totals

    ----------------------------------------------------------------------

==============================================================================


      Code (inc. data)   RO Data    RW Data    ZI Data      Debug   

     43748       9448        292         48       6576     204982   Grand Totals
     43748       9448        292         48       6576     204982   ELF Image Totals
     43748       9448        292         48          0          0   ROM Totals

==============================================================================

    Total RO  Size (Code + RO Data)                44040 (  43.01kB)
    Total RW  Size (RW Data + ZI Data)              6624 (   6.47kB)
    Total ROM Size (Code + RO Data + RW Data)      44088 (  43.05kB)

==============================================================================

